###############################################################################
#
# IAR ELF Linker V2.10.4.157 for STM8                     10/Jan/2017  15:38:19
# Copyright 2010-2015 IAR Systems AB.
#
#    Output file  =  
#        E:\Github
#        Project\STM8L151K4T6_Oil_Can_Drone\Debug\Exe\XiangRui_STM8L15x_Library.out
#    Map file     =  
#        E:\Github
#        Project\STM8L151K4T6_Oil_Can_Drone\Debug\List\XiangRui_STM8L15x_Library.map
#    Command line =  
#        "E:\Github Project\STM8L151K4T6_Oil_Can_Drone\Debug\Obj\bsp.o"
#        "E:\Github Project\STM8L151K4T6_Oil_Can_Drone\Debug\Obj\CC1101.o"
#        "E:\Github Project\STM8L151K4T6_Oil_Can_Drone\Debug\Obj\main.o"
#        "E:\Github
#        Project\STM8L151K4T6_Oil_Can_Drone\Debug\Obj\stm8l15x_adc.o"
#        "E:\Github
#        Project\STM8L151K4T6_Oil_Can_Drone\Debug\Obj\stm8l15x_aes.o"
#        "E:\Github
#        Project\STM8L151K4T6_Oil_Can_Drone\Debug\Obj\stm8l15x_beep.o"
#        "E:\Github
#        Project\STM8L151K4T6_Oil_Can_Drone\Debug\Obj\stm8l15x_clk.o"
#        "E:\Github
#        Project\STM8L151K4T6_Oil_Can_Drone\Debug\Obj\stm8l15x_comp.o"
#        "E:\Github
#        Project\STM8L151K4T6_Oil_Can_Drone\Debug\Obj\stm8l15x_dac.o"
#        "E:\Github
#        Project\STM8L151K4T6_Oil_Can_Drone\Debug\Obj\stm8l15x_dma.o"
#        "E:\Github
#        Project\STM8L151K4T6_Oil_Can_Drone\Debug\Obj\stm8l15x_exti.o"
#        "E:\Github
#        Project\STM8L151K4T6_Oil_Can_Drone\Debug\Obj\stm8l15x_flash.o"
#        "E:\Github
#        Project\STM8L151K4T6_Oil_Can_Drone\Debug\Obj\stm8l15x_gpio.o"
#        "E:\Github
#        Project\STM8L151K4T6_Oil_Can_Drone\Debug\Obj\stm8l15x_i2c.o"
#        "E:\Github
#        Project\STM8L151K4T6_Oil_Can_Drone\Debug\Obj\stm8l15x_irtim.o"
#        "E:\Github Project\STM8L151K4T6_Oil_Can_Drone\Debug\Obj\stm8l15x_it.o"
#        "E:\Github
#        Project\STM8L151K4T6_Oil_Can_Drone\Debug\Obj\stm8l15x_itc.o"
#        "E:\Github
#        Project\STM8L151K4T6_Oil_Can_Drone\Debug\Obj\stm8l15x_iwdg.o"
#        "E:\Github
#        Project\STM8L151K4T6_Oil_Can_Drone\Debug\Obj\stm8l15x_lcd.o"
#        "E:\Github
#        Project\STM8L151K4T6_Oil_Can_Drone\Debug\Obj\stm8l15x_pwr.o"
#        "E:\Github
#        Project\STM8L151K4T6_Oil_Can_Drone\Debug\Obj\stm8l15x_rst.o"
#        "E:\Github
#        Project\STM8L151K4T6_Oil_Can_Drone\Debug\Obj\stm8l15x_rtc.o"
#        "E:\Github
#        Project\STM8L151K4T6_Oil_Can_Drone\Debug\Obj\stm8l15x_spi.o"
#        "E:\Github
#        Project\STM8L151K4T6_Oil_Can_Drone\Debug\Obj\stm8l15x_syscfg.o"
#        "E:\Github
#        Project\STM8L151K4T6_Oil_Can_Drone\Debug\Obj\stm8l15x_tim1.o"
#        "E:\Github
#        Project\STM8L151K4T6_Oil_Can_Drone\Debug\Obj\stm8l15x_tim2.o"
#        "E:\Github
#        Project\STM8L151K4T6_Oil_Can_Drone\Debug\Obj\stm8l15x_tim3.o"
#        "E:\Github
#        Project\STM8L151K4T6_Oil_Can_Drone\Debug\Obj\stm8l15x_tim4.o"
#        "E:\Github
#        Project\STM8L151K4T6_Oil_Can_Drone\Debug\Obj\stm8l15x_tim5.o"
#        "E:\Github
#        Project\STM8L151K4T6_Oil_Can_Drone\Debug\Obj\stm8l15x_usart.o"
#        "E:\Github
#        Project\STM8L151K4T6_Oil_Can_Drone\Debug\Obj\stm8l15x_wfe.o"
#        "E:\Github
#        Project\STM8L151K4T6_Oil_Can_Drone\Debug\Obj\stm8l15x_wwdg.o" -o
#        "E:\Github
#        Project\STM8L151K4T6_Oil_Can_Drone\Debug\Exe\XiangRui_STM8L15x_Library.out"
#        --map "E:\Github
#        Project\STM8L151K4T6_Oil_Can_Drone\Debug\List\XiangRui_STM8L15x_Library.map"
#        --config "E:\My Program\IAR_STM8-7.0\stm8\config\lnkstm8l151k4.icf"
#        --config_def _CSTACK_SIZE=0x100 --config_def _HEAP_SIZE=0x100 --entry
#        __iar_program_start --debug_lib
#
###############################################################################

*******************************************************************************
*** RUNTIME MODEL ATTRIBUTES
***

__Heap_Handler             = Basic
__SystemLibrary            = DLib
__code_model               = medium_or_large
__core                     = stm8
__data_model               = medium
__dlib_file_descriptor     = 1
__dlib_full_locale_support = 1
__rt_version               = 4


*******************************************************************************
*** PLACEMENT SUMMARY
***

"A1":  place at start of [0x000000-0x0000ff] { rw section .vregs };
"A2":  place at end of [0x000000-0x0007ff] { block CSTACK };
"P2":  place in [from 0x000000 to 0x0007ff] {
          block HEAP, rw section __DLIB_PERTHREAD, rw section .far.bss,
          rw section .far.data, rw section .far.noinit,
          rw section .far_func.textrw, rw section .huge.bss,
          rw section .huge.data, rw section .huge.noinit,
          rw section .huge_func.textrw, rw section .iar.dynexit,
          rw section .near.bss, rw section .near.data, rw section .near.noinit,
          rw section .near_func.textrw };
"A3":  place at start of [0x008000-0x00bfff] { block INTVEC };
"P3":  place in [from 0x008000 to 0x00bfff] {
          ro section __DLIB_PERTHREAD_init, ro section .far.data_init,
          ro section .far_func.textrw_init, ro section .huge.data_init,
          ro section .huge_func.textrw_init, ro section .iar.init_table,
          ro section .init_array, ro section .near.data_init,
          ro section .near.rodata, ro section .near_func.text,
          ro section .near_func.textrw_init, ro section .tiny.data_init,
          ro section .tiny.rodata_init };
"P4":  place in [from 0x008000 to 0x00bfff] {
          ro section .far.rodata, ro section .far_func.text };

  Section            Kind      Address    Size  Object
  -------            ----      -------    ----  ------
"A1":                                     0x10
  .vregs             uninit   0x000000    0x10  vregs.o [4]
                            - 0x000010    0x10

"P2":                                     0x49
  P2 s0                       0x000010    0x49  <Init block>
    .near.data       inited   0x000010    0x2e  localeconv.o [4]
    .near.data       inited   0x00003e     0x8  CC1101.o [1]
    .near.data       inited   0x000046     0x5  main.o [1]
    .near.bss        inited   0x00004b     0x3  localeconv.o [4]
    .near.bss        inited   0x00004e     0x2  main.o [1]
    .near.bss        inited   0x000050     0x2  main.o [1]
    .near.bss        inited   0x000052     0x2  main.o [1]
    .near.bss        inited   0x000054     0x2  stm8l15x_it.o [1]
    .near.bss        inited   0x000056     0x1  CC1101.o [1]
    .near.bss        inited   0x000057     0x1  main.o [1]
    .near.bss        inited   0x000058     0x1  main.o [1]
                            - 0x000059    0x49

"A2":                                    0x100
  CSTACK                      0x000700   0x100  <Block>
    CSTACK           uninit   0x000700   0x100  <Block tail>
                            - 0x000800   0x100

"A3":                                     0x80
  INTVEC                      0x008000    0x80  <Block>
    .intvec          const    0x008000    0x80  interrupt.o [4]
                            - 0x008080    0x80

"P3":                                    0x17c
  .near.rodata       const    0x008080    0x2e  CC1101.o [1]
  .iar.init_table    const    0x0080ae     0xb  - Linker created -
  .near.rodata       const    0x0080b9    0x17  main.o [1]
  .near.rodata       const    0x0080d0    0x15  main.o [1]
  .near.rodata       const    0x0080e5    0x13  CC1101.o [1]
  .near.rodata       const    0x0080f8    0x13  main.o [1]
  .near.rodata       const    0x00810b    0x11  main.o [1]
  .near.rodata       const    0x00811c    0x11  main.o [1]
  .near.rodata       const    0x00812d    0x10  main.o [1]
  .near.rodata       const    0x00813d    0x10  main.o [1]
  .near.rodata       const    0x00814d     0xf  main.o [1]
  .near.rodata       const    0x00815c     0xb  main.o [1]
  .near.rodata       const    0x008167     0xa  CC1101.o [1]
  .near.rodata       const    0x008171     0xa  main.o [1]
  .near.rodata       const    0x00817b     0x7  xprintflarge_nomb.o [4]
  .near.rodata       const    0x008182     0x6  localeconv.o [4]
  .near.rodata       const    0x008188     0x5  CC1101.o [1]
  .near.rodata       const    0x00818d     0x5  stm8l15x_clk.o [1]
  .near.rodata       const    0x008192     0x5  localeconv.o [4]
  .near.rodata       const    0x008197     0x4  main.o [1]
  .near.rodata       const    0x00819b     0x4  xprintflarge_nomb.o [4]
  .near.rodata       const    0x00819f     0x4  xprintflarge_nomb.o [4]
  .near.rodata       const    0x0081a3     0x4  xprintflarge_nomb.o [4]
  .near.rodata       const    0x0081a7     0x4  xprintflarge_nomb.o [4]
  .near.rodata       const    0x0081ab     0x3  main.o [1]
  .near.rodata       const    0x0081ae     0x2  xprintflarge_nomb.o [4]
  .near.rodata       const    0x0081b0     0x2  localeconv.o [4]
  .near.rodata       const    0x0081b2     0x1  localeconv.o [4]
  Initializer bytes  const    0x0081b3    0x49  <for P2 s0>
                            - 0x0081fc   0x17c

"P4":                                   0x2d3d
  .far_func.text     ro code  0x0081fc   0x4e7  xprintflarge_nomb.o [4]
  .far_func.text     ro code  0x0086e3   0x44d  float.o [4]
  .far_func.text     ro code  0x008b30   0x3bc  xprintflarge_nomb.o [4]
  .far_func.text     ro code  0x008eec   0x2ae  xprintflarge_nomb.o [4]
  .far_func.text     ro code  0x00919a   0x20a  CC1101.o [1]
  .far_func.text     ro code  0x0093a4   0x1a2  vreg_util.o [4]
  .far_func.text     ro code  0x009546   0x18a  bsp.o [1]
  .far_func.text     ro code  0x0096d0   0x187  long.o [4]
  .far_func.text     ro code  0x009857   0x17f  xprintflarge_nomb.o [4]
  .far_func.text     ro code  0x0099d6   0x12c  main.o [1]
  .far_func.text     ro code  0x009b02   0x11d  main.o [1]
  .far_func.text     ro code  0x009c1f    0xee  stm8l15x_rtc.o [1]
  .far_func.text     ro code  0x009d0d    0xe4  stm8l15x_usart.o [1]
  .far_func.text     ro code  0x009df1    0xb9  main.o [1]
  .far_func.text     ro code  0x009eaa    0xae  stm8l15x_gpio.o [1]
  .far_func.text     ro code  0x009f58    0xab  stm8l15x_usart.o [1]
  .far_func.text     ro code  0x00a003    0x9d  CC1101.o [1]
  .far_func.text     ro code  0x00a0a0    0x97  CC1101.o [1]
  .far_func.text     ro code  0x00a137    0x96  stm8l15x_usart.o [1]
  .far_func.text     ro code  0x00a1cd    0x94  stm8l15x_rtc.o [1]
  .far_func.text     ro code  0x00a261    0x8f  stm8l15x_clk.o [1]
  .far_func.text     ro code  0x00a2f0    0x7e  stm8l15x_clk.o [1]
  .far_func.text     ro code  0x00a36e    0x76  CC1101.o [1]
  .far_func.text     ro code  0x00a3e4    0x70  bsp.o [1]
  .far_func.text     ro code  0x00a454    0x65  stm8l15x_tim3.o [1]
  .far_func.text     ro code  0x00a4b9    0x64  long_util.o [4]
  .far_func.text     ro code  0x00a51d    0x54  stm8l15x_it.o [1]
  .far_func.text     ro code  0x00a571    0x52  CC1101.o [1]
  .far_func.text     ro code  0x00a5c3    0x52  stm8l15x_it.o [1]
  .far_func.text     ro code  0x00a615    0x52  float_libsup.o [4]
  .far_func.text     ro code  0x00a667    0x51  xprintflarge_nomb.o [4]
  .far_func.text     ro code  0x00a6b8    0x4f  stm8l15x_rtc.o [1]
  .far_func.text     ro code  0x00a707    0x4b  stm8l15x_adc.o [1]
  .far_func.text     ro code  0x00a752    0x4b  xprintflarge_nomb.o [4]
  .far_func.text     ro code  0x00a79d    0x4a  stm8l15x_spi.o [1]
  .far_func.text     ro code  0x00a7e7    0x3f  short.o [4]
  .far_func.text     ro code  0x00a826    0x3d  xprintflarge_nomb.o [4]
  .far_func.text     ro code  0x00a863    0x3c  main.o [1]
  .far_func.text     ro code  0x00a89f    0x3c  stm8l15x_tim3.o [1]
  .far_func.text     ro code  0x00a8db    0x3b  xprintflarge_nomb.o [4]
  .far_func.text     ro code  0x00a916    0x34  div.o [4]
  .far_func.text     ro code  0x00a94a    0x31  stm8l15x_it.o [1]
  .far_func.text     ro code  0x00a97b    0x2f  stm8l15x_pwr.o [1]
  .far_func.text     ro code  0x00a9aa    0x2e  xprintflarge_nomb.o [4]
  .far_func.text     ro code  0x00a9d8    0x2c  dc_util.o [4]
  .far_func.text     ro code  0x00aa04    0x2b  stm8l15x_adc.o [1]
  .far_func.text     ro code  0x00aa2f    0x2a  stm8l15x_tim3.o [1]
  .far_func.text     ro code  0x00aa59    0x28  stm8l15x_rtc.o [1]
  .far_func.text     ro code  0x00aa81    0x28  printf.o [4]
  .far_func.text     ro code  0x00aaa9    0x28  far_util.o [4]
  .far_func.text     ro code  0x00aad1    0x28  init_small.o [4]
  .far_func.text     ro code  0x00aaf9    0x27  stm8l15x_pwr.o [1]
  .far_func.text     ro code  0x00ab20    0x26  stm8l15x_rtc.o [1]
  .far_func.text     ro code  0x00ab46    0x26  memcpy.o [4]
  .far_func.text     ro code  0x00ab6c    0x25  stm8l15x_adc.o [1]
  .far_func.text     ro code  0x00ab91    0x24  main.o [1]
  .far_func.text     ro code  0x00abb5    0x24  main.o [1]
  .far_func.text     ro code  0x00abd9    0x23  stm8l15x_it.o [1]
  .far_func.text     ro code  0x00abfc    0x23  stm8l15x_spi.o [1]
  .far_func.text     ro code  0x00ac1f    0x22  stm8l15x_usart.o [1]
  .far_func.text     ro code  0x00ac41    0x21  CC1101.o [1]
  .far_func.text     ro code  0x00ac62    0x21  stm8l15x_it.o [1]
  .far_func.text     ro code  0x00ac83    0x21  stm8l15x_usart.o [1]
  .far_func.text     ro code  0x00aca4    0x20  main.o [1]
  .far_func.text     ro code  0x00acc4    0x20  stm8l15x_usart.o [1]
  .far_func.text     ro code  0x00ace4    0x1e  init.o [4]
  .far_func.text     ro code  0x00ad02    0x1e  xprintflarge_nomb.o [4]
  .far_func.text     ro code  0x00ad20    0x1d  xprout.o [4]
  .far_func.text     ro code  0x00ad3d    0x17  main.o [1]
  .far_func.text     ro code  0x00ad54    0x17  cstartup.o [4]
  .far_func.text     ro code  0x00ad6b    0x16  __dbg_xxexit.o [3]
  .far_func.text     ro code  0x00ad81    0x15  stm8l15x_adc.o [1]
  .far_func.text     ro code  0x00ad96    0x15  stm8l15x_spi.o [1]
  .far_func.text     ro code  0x00adab    0x15  memchr.o [4]
  .far_func.text     ro code  0x00adc0    0x15  strchr.o [4]
  .far_func.text     ro code  0x00add5    0x12  strlen.o [4]
  .far_func.text     ro code  0x00ade7    0x10  xprintflarge_nomb.o [4]
  .far_func.text     ro code  0x00adf7    0x10  xprintflarge_nomb.o [4]
  .far_func.text     ro code  0x00ae07     0xe  localeconv.o [4]
  .far_func.text     ro code  0x00ae15     0xe  localeconv.o [4]
  .far_func.text     ro code  0x00ae23     0xd  stm8l15x_adc.o [1]
  .far_func.text     ro code  0x00ae30     0xd  stm8l15x_spi.o [1]
  .far_func.text     ro code  0x00ae3d     0xd  move.o [4]
  .far_func.text     ro code  0x00ae4a     0xc  xprintflarge_nomb.o [4]
  .far_func.text     ro code  0x00ae56     0xb  xprintflarge_nomb.o [4]
  .far_func.text     ro code  0x00ae61     0xb  xprintflarge_nomb.o [4]
  .far_func.text     ro code  0x00ae6c     0xb  localeconv.o [4]
  .far_func.text     ro code  0x00ae77     0xa  stm8l15x_clk.o [1]
  .far_func.text     ro code  0x00ae81     0xa  stm8l15x_it.o [1]
  .far_func.text     ro code  0x00ae8b     0xa  stm8l15x_rtc.o [1]
  .far_func.text     ro code  0x00ae95     0xa  far.o [4]
  .far_func.text     ro code  0x00ae9f     0xa  xprintflarge_nomb.o [4]
  .far_func.text     ro code  0x00aea9     0x9  CC1101.o [1]
  .far_func.text     ro code  0x00aeb2     0x9  xprintflarge_nomb.o [4]
  .far_func.text     ro code  0x00aebb     0x9  xprintflarge_nomb.o [4]
  .far_func.text     ro code  0x00aec4     0x7  xprintflarge_nomb.o [4]
  .far_func.text     ro code  0x00aecb     0x6  bsp.o [1]
  .far_func.text     ro code  0x00aed1     0x6  stm8l15x_adc.o [1]
  .far_func.text     ro code  0x00aed7     0x6  cexit.o [4]
  .far_func.text     ro code  0x00aedd     0x5  stm8l15x_adc.o [1]
  .far_func.text     ro code  0x00aee2     0x5  stm8l15x_pwr.o [1]
  .far_func.text     ro code  0x00aee7     0x5  stm8l15x_spi.o [1]
  .far_func.text     ro code  0x00aeec     0x5  stm8l15x_spi.o [1]
  .far_func.text     ro code  0x00aef1     0x5  stm8l15x_tim2.o [1]
  .far_func.text     ro code  0x00aef6     0x5  stm8l15x_tim3.o [1]
  .far_func.text     ro code  0x00aefb     0x4  stm8l15x_clk.o [1]
  .far_func.text     ro code  0x00aeff     0x4  stm8l15x_gpio.o [1]
  .far_func.text     ro code  0x00af03     0x4  interrupt.o [4]
  .far_func.text     ro code  0x00af07     0x4  exit.o [4]
  .far_func.text     ro code  0x00af0b     0x3  stm8l15x_gpio.o [1]
  .far_func.text     ro code  0x00af0e     0x3  stm8l15x_gpio.o [1]
  .far_func.text     ro code  0x00af11     0x3  stm8l15x_gpio.o [1]
  .far_func.text     ro code  0x00af14     0x3  stm8l15x_usart.o [1]
  .far_func.text     ro code  0x00af17     0x3  stm8l15x_usart.o [1]
  .far_func.text     ro code  0x00af1a     0x3  low_level_init.o [4]
  .far_func.text     ro code  0x00af1d     0x3  unhandled_exception.o [4]
  .far_func.text     ro code  0x00af20     0x1  stm8l15x_it.o [1]
  .far_func.text     ro code  0x00af21     0x1  stm8l15x_it.o [1]
  .far_func.text     ro code  0x00af22     0x1  stm8l15x_it.o [1]
  .far_func.text     ro code  0x00af23     0x1  stm8l15x_it.o [1]
  .far_func.text     ro code  0x00af24     0x1  stm8l15x_it.o [1]
  .far_func.text     ro code  0x00af25     0x1  stm8l15x_it.o [1]
  .far_func.text     ro code  0x00af26     0x1  stm8l15x_it.o [1]
  .far_func.text     ro code  0x00af27     0x1  stm8l15x_it.o [1]
  .far_func.text     ro code  0x00af28     0x1  stm8l15x_it.o [1]
  .far_func.text     ro code  0x00af29     0x1  stm8l15x_it.o [1]
  .far_func.text     ro code  0x00af2a     0x1  stm8l15x_it.o [1]
  .far_func.text     ro code  0x00af2b     0x1  stm8l15x_it.o [1]
  .far_func.text     ro code  0x00af2c     0x1  stm8l15x_it.o [1]
  .far_func.text     ro code  0x00af2d     0x1  stm8l15x_it.o [1]
  .far_func.text     ro code  0x00af2e     0x1  stm8l15x_it.o [1]
  .far_func.text     ro code  0x00af2f     0x1  stm8l15x_it.o [1]
  .far_func.text     ro code  0x00af30     0x1  stm8l15x_it.o [1]
  .far_func.text     ro code  0x00af31     0x1  stm8l15x_it.o [1]
  .far_func.text     ro code  0x00af32     0x1  stm8l15x_it.o [1]
  .far_func.text     ro code  0x00af33     0x1  stm8l15x_it.o [1]
  .far_func.text     ro code  0x00af34     0x1  stm8l15x_it.o [1]
  .far_func.text     ro code  0x00af35     0x1  stm8l15x_it.o [1]
  .far_func.text     ro code  0x00af36     0x1  stm8l15x_it.o [1]
  .far_func.text     ro code  0x00af37     0x1  stm8l15x_it.o [1]
  .far_func.text     ro code  0x00af38     0x1  __dbg_break.o [3]
                            - 0x00af39  0x2d3d


*******************************************************************************
*** INIT TABLE
***

          Address   Size
          -------   ----
Copy (__iar_copy_init2)
    1 source range, total size 0x49:
          0x0081b3  0x49
    1 destination range, total size 0x49:
          0x000010  0x49



*******************************************************************************
*** MODULE SUMMARY
***

    Module                 ro code  ro data  rw data
    ------                 -------  -------  -------
E:\Github Project\STM8L151K4T6_Oil_Can_Drone\Debug\Obj: [1]
    CC1101.o                 1 072       89        9
    bsp.o                      512
    main.o                     957      185       13
    stm8l15x_adc.o             200
    stm8l15x_clk.o             283        5
    stm8l15x_gpio.o            187
    stm8l15x_it.o              317        2        2
    stm8l15x_pwr.o              91
    stm8l15x_rtc.o             553
    stm8l15x_spi.o             153
    stm8l15x_tim2.o              5
    stm8l15x_tim3.o            208
    stm8l15x_usart.o           654
    ------------------------------------------------
    Total:                   5 192      281       24

command line: [2]
    ------------------------------------------------
    Total:

dbgstm8mmd.a: [3]
    __dbg_break.o                1
    __dbg_xxexit.o              22
    ------------------------------------------------
    Total:                      23

dlstm8mmf.a: [4]
    cexit.o                      6
    cstartup.o                  23
    dc_util.o                   44
    div.o                       52
    exit.o                       4
    far.o                       10
    far_util.o                  40
    float.o                  1 101
    float_libsup.o              82
    init.o                      30
    init_small.o                40
    interrupt.o                  4      128
    localeconv.o                39       63       49
    long.o                     391
    long_util.o                100
    low_level_init.o             3
    memchr.o                    21
    memcpy.o                    38
    move.o                      13
    printf.o                    40
    short.o                     63
    strchr.o                    21
    strlen.o                    18
    unhandled_exception.o        3
    vreg_util.o                418
    vregs.o                                       16
    xprintflarge_nomb.o      3 733       25
    xprout.o                    29
    ------------------------------------------------
    Total:                   6 366      216       65

    Linker created                       11      256
----------------------------------------------------
    Grand Total:            11 581      508      345


*******************************************************************************
*** ENTRY LIST
***

Entry                    Address   Size  Type      Object
-----                    -------   ----  ----      ------
.iar.init_table$$Base   0x0080ae          --   Gb  - Linker created -
.iar.init_table$$Limit  0x0080b9          --   Gb  - Linker created -
?and32_l0_l0_0x         0x009827         Code  Gb  long.o [4]
?and32_l0_l0_l1         0x009824         Code  Gb  long.o [4]
?b0                     0x000000         Data  Gb  vregs.o [4]
?b1                     0x000001         Data  Gb  vregs.o [4]
?b10                    0x00000a         Data  Gb  vregs.o [4]
?b11                    0x00000b         Data  Gb  vregs.o [4]
?b12                    0x00000c         Data  Gb  vregs.o [4]
?b13                    0x00000d         Data  Gb  vregs.o [4]
?b14                    0x00000e         Data  Gb  vregs.o [4]
?b15                    0x00000f         Data  Gb  vregs.o [4]
?b2                     0x000002         Data  Gb  vregs.o [4]
?b3                     0x000003         Data  Gb  vregs.o [4]
?b4                     0x000004         Data  Gb  vregs.o [4]
?b5                     0x000005         Data  Gb  vregs.o [4]
?b6                     0x000006         Data  Gb  vregs.o [4]
?b7                     0x000007         Data  Gb  vregs.o [4]
?b8                     0x000008         Data  Gb  vregs.o [4]
?b9                     0x000009         Data  Gb  vregs.o [4]
?dc32_l1                0x00a9d8         Code  Gb  dc_util.o [4]
?e0                     0x000001         Data  Gb  vregs.o [4]
?e1                     0x000005         Data  Gb  vregs.o [4]
?e2                     0x000009         Data  Gb  vregs.o [4]
?e3                     0x00000d         Data  Gb  vregs.o [4]
?epilogue_l2            0x0094b5         Code  Gb  vreg_util.o [4]
?epilogue_l2_l3         0x0094b1         Code  Gb  vreg_util.o [4]
?epilogue_l2_w6         0x0094ba         Code  Gb  vreg_util.o [4]
?epilogue_w4            0x0094c3         Code  Gb  vreg_util.o [4]
?fadd32_l0_l0_l1        0x008707         Code  Gb  float.o [4]
?fcastf32u16_l0_x       0x008987         Code  Gb  float.o [4]
?fcastf32u32_l0_l0      0x0089f5         Code  Gb  float.o [4]
?fcastu32f32_l0_l0      0x0089a5         Code  Gb  float.o [4]
?fcmplt32_c_l0_0x       0x008931         Code  Gb  float.o [4]
?fcmplt32_c_l0_dc32     0x00892a         Code  Gb  float.o [4]
?fcmplt32_c_l0_l1       0x00892e         Code  Gb  float.o [4]
?fdiv32_l0_l0_dc32      0x008876         Code  Gb  float.o [4]
?fdiv32_l0_l0_l1        0x00887c         Code  Gb  float.o [4]
?fmul32_l0_l0_dc32      0x0087d5         Code  Gb  float.o [4]
?fmul32_l0_l0_l1        0x0087db         Code  Gb  float.o [4]
?fsub32_l0_l0_l1        0x008701         Code  Gb  float.o [4]
?l0                     0x000000         Data  Gb  vregs.o [4]
?l1                     0x000004         Data  Gb  vregs.o [4]
?l2                     0x000008         Data  Gb  vregs.o [4]
?l3                     0x00000c         Data  Gb  vregs.o [4]
?load24_e0_0x           0x00aab5         Code  Gb  far_util.o [4]
?load24_e0_asp          0x00aaa9         Code  Gb  far_util.o [4]
?load24_e0_xsp          0x00aaab         Code  Gb  far_util.o [4]
?load24_e1_0x           0x00aac3         Code  Gb  far_util.o [4]
?load32_0x_l0           0x00a50f         Code  Gb  long_util.o [4]
?load32_l0_0x           0x00a4d3         Code  Gb  long_util.o [4]
?load32_l0_asp          0x00a4c7         Code  Gb  long_util.o [4]
?load32_l0_dbsp         0x00a4b9         Code  Gb  long_util.o [4]
?load32_l0_xsp          0x00a4c9         Code  Gb  long_util.o [4]
?load32_l2_0x           0x00a4f9         Code  Gb  long_util.o [4]
?load32_l2_asp          0x00a4ed         Code  Gb  long_util.o [4]
?load32_l2_dbsp         0x00a4df         Code  Gb  long_util.o [4]
?load32_l2_xsp          0x00a4ef         Code  Gb  long_util.o [4]
?load32_xsp_l0          0x00a505         Code  Gb  long_util.o [4]
?mov_e0_e1              0x0094ee         Code  Gb  vreg_util.o [4]
?mov_e0_e2              0x0094fb         Code  Gb  vreg_util.o [4]
?mov_e1_e0              0x009508         Code  Gb  vreg_util.o [4]
?mov_e1_e2              0x009515         Code  Gb  vreg_util.o [4]
?mov_e1_e3              0x009522         Code  Gb  vreg_util.o [4]
?mov_e2_e0              0x00952f         Code  Gb  vreg_util.o [4]
?mov_e3_e0              0x00953c         Code  Gb  vreg_util.o [4]
?mov_l0_l1              0x0094eb         Code  Gb  vreg_util.o [4]
?mov_l0_l2              0x0094f8         Code  Gb  vreg_util.o [4]
?mov_l1_l0              0x009505         Code  Gb  vreg_util.o [4]
?mov_l1_l2              0x009512         Code  Gb  vreg_util.o [4]
?mov_l1_l3              0x00951f         Code  Gb  vreg_util.o [4]
?mov_l2_l0              0x00952c         Code  Gb  vreg_util.o [4]
?mov_l3_l0              0x009539         Code  Gb  vreg_util.o [4]
?mov_w0_w1              0x0094c8         Code  Gb  vreg_util.o [4]
?mov_w0_w5              0x0094cf         Code  Gb  vreg_util.o [4]
?mov_w1_w3              0x0094f1         Code  Gb  vreg_util.o [4]
?mov_w1_w5              0x0094fe         Code  Gb  vreg_util.o [4]
?mov_w2_w0              0x0094d6         Code  Gb  vreg_util.o [4]
?mov_w2_w1              0x0094dd         Code  Gb  vreg_util.o [4]
?mov_w3_w1              0x00950b         Code  Gb  vreg_util.o [4]
?mov_w3_w5              0x009518         Code  Gb  vreg_util.o [4]
?mov_w3_w7              0x009525         Code  Gb  vreg_util.o [4]
?mov_w4_w2              0x0094e4         Code  Gb  vreg_util.o [4]
?mov_w5_w1              0x009532         Code  Gb  vreg_util.o [4]
?mov_w7_w1              0x00953f         Code  Gb  vreg_util.o [4]
?move1616_v_x_y_a       0x00ae3d         Code  Gb  move.o [4]
?mul16_x_x_w0           0x00a7e7         Code  Gb  short.o [4]
?mul32_l0_l0_l1         0x0096e0         Code  Gb  long.o [4]
?neg32_l0_l0            0x0096d0         Code  Gb  long.o [4]
?pop_e2                 0x009426         Code  Gb  vreg_util.o [4]
?pop_l0                 0x009479         Code  Gb  vreg_util.o [4]
?pop_l1                 0x009484         Code  Gb  vreg_util.o [4]
?pop_l2                 0x00948f         Code  Gb  vreg_util.o [4]
?pop_l3                 0x00949a         Code  Gb  vreg_util.o [4]
?pop_w4                 0x0093d4         Code  Gb  vreg_util.o [4]
?pop_w6                 0x0093db         Code  Gb  vreg_util.o [4]
?push_e0                0x0093ee         Code  Gb  vreg_util.o [4]
?push_e2                0x00940a         Code  Gb  vreg_util.o [4]
?push_l0                0x009444         Code  Gb  vreg_util.o [4]
?push_l1                0x009449         Code  Gb  vreg_util.o [4]
?push_l2                0x00944e         Code  Gb  vreg_util.o [4]
?push_l3                0x009453         Code  Gb  vreg_util.o [4]
?push_w0                0x0093a4         Code  Gb  vreg_util.o [4]
?push_w1                0x0093a9         Code  Gb  vreg_util.o [4]
?push_w2                0x0093ae         Code  Gb  vreg_util.o [4]
?push_w4                0x0093b3         Code  Gb  vreg_util.o [4]
?push_w6                0x0093b8         Code  Gb  vreg_util.o [4]
?sdiv16_x_x_y           0x00a805         Code  Gb  short.o [4]
?sdiv32_l0_l0_dl        0x0097d5         Code  Gb  long.o [4]
?sdiv32_l0_l0_l1        0x0097d9         Code  Gb  long.o [4]
?sext32_l0_a            0x00984a         Code  Gb  long.o [4]
?sext32_l0_x            0x00983f         Code  Gb  long.o [4]
?sll16_x_x_a            0x00a81e         Code  Gb  short.o [4]
?smod32_l1_l0_l1        0x0097d9         Code  Gb  long.o [4]
?ucmp24_c_0x_e0         0x00ae95         Code  Gb  far.o [4]
?udiv32_l0_l0_dl        0x009764         Code  Gb  long.o [4]
?udiv32_l0_l0_l1        0x009768         Code  Gb  long.o [4]
?umod32_l1_l0_dl        0x00975e         Code  Gb  long.o [4]
?umod32_l1_l0_l1        0x009768         Code  Gb  long.o [4]
?w0                     0x000000         Data  Gb  vregs.o [4]
?w1                     0x000002         Data  Gb  vregs.o [4]
?w2                     0x000004         Data  Gb  vregs.o [4]
?w3                     0x000006         Data  Gb  vregs.o [4]
?w4                     0x000008         Data  Gb  vregs.o [4]
?w5                     0x00000a         Data  Gb  vregs.o [4]
?w6                     0x00000c         Data  Gb  vregs.o [4]
?w7                     0x00000e         Data  Gb  vregs.o [4]
ADC1_COMP_IRQHandler    0x00af2f    0x1  Code  Gb  stm8l15x_it.o [1]
ADC_ChannelCmd          0x00a707   0x4b  Code  Gb  stm8l15x_adc.o [1]
ADC_ClearFlag           0x00aed1    0x6  Code  Gb  stm8l15x_adc.o [1]
ADC_Cmd                 0x00ae23    0xd  Code  Gb  stm8l15x_adc.o [1]
ADC_Data_Read           0x00963e   0x24  Code  Gb  bsp.o [1]
ADC_GetConversionValue  0x00aa04   0x2b  Code  Gb  stm8l15x_adc.o [1]
ADC_GetFlagStatus       0x00ad81   0x15  Code  Gb  stm8l15x_adc.o [1]
ADC_Init                0x00ab6c   0x25  Code  Gb  stm8l15x_adc.o [1]
ADC_Initial             0x009662   0x39  Code  Gb  bsp.o [1]
ADC_SoftwareStartConv   0x00aedd    0x5  Code  Gb  stm8l15x_adc.o [1]
CC1101ClrRXBuff         0x00919a    0xa  Code  Gb  CC1101.o [1]
CC1101ClrTXBuff         0x0091a4    0xa  Code  Gb  CC1101.o [1]
CC1101GetRXCnt          0x00aea9    0x9  Code  Gb  CC1101.o [1]
CC1101Init              0x00a0a0   0x97  Code  Gb  CC1101.o [1]
CC1101InitData          0x008080   0x2e  Data  Lc  CC1101.o [1]
CC1101ReadMultiReg      0x009303   0x67  Code  Gb  CC1101.o [1]
CC1101ReadReg           0x00936a   0x3a  Code  Gb  CC1101.o [1]
CC1101ReadStatus        0x0092c9   0x3a  Code  Gb  CC1101.o [1]
CC1101RecPacket         0x00a36e   0x76  Code  Gb  CC1101.o [1]
CC1101Reset             0x0091b4   0x33  Code  Gb  CC1101.o [1]
CC1101SendPacket        0x00a003   0x9d  Code  Gb  CC1101.o [1]
CC1101SetAddress        0x00a571   0x52  Code  Gb  CC1101.o [1]
CC1101SetIdle           0x0091ae    0x6  Code  Gb  CC1101.o [1]
CC1101SetSYNC           0x00ac41   0x21  Code  Gb  CC1101.o [1]
CC1101SetTRMode         0x0092a1   0x28  Code  Gb  CC1101.o [1]
CC1101WriteCmd          0x0091e7   0x2e  Code  Gb  CC1101.o [1]
CC1101WriteMultiReg     0x009215   0x54  Code  Gb  CC1101.o [1]
CC1101WriteReg          0x009269   0x38  Code  Gb  CC1101.o [1]
CLK_GetClockFreq        0x00a2f0   0x7e  Code  Gb  stm8l15x_clk.o [1]
CLK_PeripheralClockConfig
                        0x00a261   0x8f  Code  Gb  stm8l15x_clk.o [1]
CLK_RTCClockConfig      0x00ae77    0xa  Code  Gb  stm8l15x_clk.o [1]
CLK_SYSCLKDivConfig     0x00aefb    0x4  Code  Gb  stm8l15x_clk.o [1]
CSB_Initial             0x00955a   0x16  Code  Gb  bsp.o [1]
CSTACK$$Base            0x000700          --   Gb  - Linker created -
CSTACK$$Limit           0x000800          --   Gb  - Linker created -
Cnt1ms                  0x000050    0x2  Data  Gb  main.o [1]
DMA1_CHANNEL0_1_IRQHandler
                        0x00af22    0x1  Code  Gb  stm8l15x_it.o [1]
DMA1_CHANNEL2_3_IRQHandler
                        0x00af23    0x1  Code  Gb  stm8l15x_it.o [1]
DelayMs                 0x00aca4   0x20  Code  Gb  main.o [1]
Dis_Index               0x000057    0x1  Data  Gb  main.o [1]
Distance                0x00004e    0x2  Data  Gb  main.o [1]
EXTI0_IRQHandler        0x00af26    0x1  Code  Gb  stm8l15x_it.o [1]
EXTI1_IRQHandler        0x00af27    0x1  Code  Gb  stm8l15x_it.o [1]
EXTI2_IRQHandler        0x00af28    0x1  Code  Gb  stm8l15x_it.o [1]
EXTI3_IRQHandler        0x00af29    0x1  Code  Gb  stm8l15x_it.o [1]
EXTI4_IRQHandler        0x00af2a    0x1  Code  Gb  stm8l15x_it.o [1]
EXTI5_IRQHandler        0x00af2b    0x1  Code  Gb  stm8l15x_it.o [1]
EXTI6_IRQHandler        0x00af2c    0x1  Code  Gb  stm8l15x_it.o [1]
EXTI7_IRQHandler        0x00af2d    0x1  Code  Gb  stm8l15x_it.o [1]
EXTIB_IRQHandler        0x00af24    0x1  Code  Gb  stm8l15x_it.o [1]
EXTID_IRQHandler        0x00af25    0x1  Code  Gb  stm8l15x_it.o [1]
EXTIE_F_PVD_IRQHandler  0x00a94a   0x31  Code  Gb  stm8l15x_it.o [1]
FLASH_IRQHandler        0x00af21    0x1  Code  Gb  stm8l15x_it.o [1]
GPIO_Init               0x009eaa   0xae  Code  Gb  stm8l15x_gpio.o [1]
GPIO_Initial            0x00a3e4   0x70  Code  Gb  bsp.o [1]
GPIO_ReadInputDataBit   0x00af11    0x3  Code  Gb  stm8l15x_gpio.o [1]
GPIO_ResetBits          0x00aeff    0x4  Code  Gb  stm8l15x_gpio.o [1]
GPIO_SetBits            0x00af0b    0x3  Code  Gb  stm8l15x_gpio.o [1]
GPIO_ToggleBits         0x00af0e    0x3  Code  Gb  stm8l15x_gpio.o [1]
I2C1_IRQHandler         0x00af37    0x1  Code  Gb  stm8l15x_it.o [1]
INTVEC$$Base            0x008000          --   Gb  - Linker created -
INTVEC$$Limit           0x008080          --   Gb  - Linker created -
LCD_IRQHandler          0x00af2e    0x1  Code  Gb  stm8l15x_it.o [1]
LoadInt                 0x00a752   0x4b  Code  Lc  xprintflarge_nomb.o [4]
Measured_Range          0x009df1   0xb9  Code  Gb  main.o [1]
PWR_GetFlagStatus       0x00a97b   0x2f  Code  Gb  stm8l15x_pwr.o [1]
PWR_PVDClearFlag        0x00aee2    0x5  Code  Gb  stm8l15x_pwr.o [1]
PWR_PVDGetITStatus      0x00aaf9   0x27  Code  Gb  stm8l15x_pwr.o [1]
PaTabel                 0x00003e    0x8  Data  Gb  CC1101.o [1]
RF_SendPacket           0x009b02  0x11d  Code  Gb  main.o [1]
RTC_AWU_Initial         0x00a863   0x3c  Code  Gb  main.o [1]
RTC_ClearITPendingBit   0x00ae8b    0xa  Code  Gb  stm8l15x_rtc.o [1]
RTC_DeInit              0x009c1f   0xee  Code  Gb  stm8l15x_rtc.o [1]
RTC_EnterInitMode       0x00a206   0x22  Code  Gb  stm8l15x_rtc.o [1]
RTC_IRQHandler          0x00abd9   0x23  Code  Gb  stm8l15x_it.o [1]
RTC_ITConfig            0x00a228   0x39  Code  Gb  stm8l15x_rtc.o [1]
RTC_SetWakeUpCounter    0x00ab20   0x26  Code  Gb  stm8l15x_rtc.o [1]
RTC_WaitForSynchro      0x00a1de   0x28  Code  Gb  stm8l15x_rtc.o [1]
RTC_WakeUpClockConfig   0x00aa59   0x28  Code  Gb  stm8l15x_rtc.o [1]
RTC_WakeUpCmd           0x00a6b8   0x4f  Code  Gb  stm8l15x_rtc.o [1]
RTC_WriteProtectionCmd  0x00a1cd   0x11  Code  Gb  stm8l15x_rtc.o [1]
RecvWaitTime            0x000052    0x2  Data  Gb  main.o [1]
Region$$Table$$Base     0x0080ae          --   Gb  - Linker created -
Region$$Table$$Limit    0x0080b9          --   Gb  - Linker created -
SClK_Initial            0x00aecb    0x6  Code  Gb  bsp.o [1]
SPI1_IRQHandler         0x00af35    0x1  Code  Gb  stm8l15x_it.o [1]
SPI_Cmd                 0x00ae30    0xd  Code  Gb  stm8l15x_spi.o [1]
SPI_DeInit              0x00abfc   0x23  Code  Gb  stm8l15x_spi.o [1]
SPI_ExchangeByte        0x009595   0x28  Code  Gb  bsp.o [1]
SPI_GetFlagStatus       0x00ad96   0x15  Code  Gb  stm8l15x_spi.o [1]
SPI_Init                0x00a79d   0x4a  Code  Gb  stm8l15x_spi.o [1]
SPI_Initial             0x0095e1   0x5d  Code  Gb  bsp.o [1]
SPI_ReceiveData         0x00aeec    0x5  Code  Gb  stm8l15x_spi.o [1]
SPI_SendData            0x00aee7    0x5  Code  Gb  stm8l15x_spi.o [1]
SWITCH_CSS_BREAK_DAC_IRQHandler
                        0x00ae81    0xa  Code  Gb  stm8l15x_it.o [1]
SYSDivFactor            0x00818d    0x5  Data  Gb  stm8l15x_clk.o [1]
SendBuffer              0x000046    0x5  Data  Gb  main.o [1]
System_Initial          0x00abb5   0x24  Code  Gb  main.o [1]
TIM1_CAP_IRQHandler     0x00af33    0x1  Code  Gb  stm8l15x_it.o [1]
TIM1_UPD_OVF_TRG_COM_IRQHandler
                        0x00af32    0x1  Code  Gb  stm8l15x_it.o [1]
TIM2_CAP_IRQHandler     0x00af30    0x1  Code  Gb  stm8l15x_it.o [1]
TIM2_ClearITPendingBit  0x00aef1    0x5  Code  Gb  stm8l15x_tim2.o [1]
TIM2_Conut              0x000054    0x2  Data  Gb  stm8l15x_it.o [1]
TIM2_UPD_OVF_TRG_BRK_IRQHandler
                        0x00a51d   0x54  Code  Gb  stm8l15x_it.o [1]
TIM3_1MS_ISR            0x00ad3d   0x17  Code  Gb  main.o [1]
TIM3_ARRPreloadConfig   0x00a8ae    0xd  Code  Gb  stm8l15x_tim3.o [1]
TIM3_CAP_IRQHandler     0x00af31    0x1  Code  Gb  stm8l15x_it.o [1]
TIM3_ClearITPendingBit  0x00aef6    0x5  Code  Gb  stm8l15x_tim3.o [1]
TIM3_Cmd                0x00a8ce    0xd  Code  Gb  stm8l15x_tim3.o [1]
TIM3_DeInit             0x00a454   0x65  Code  Gb  stm8l15x_tim3.o [1]
TIM3_ITConfig           0x00a8bb   0x13  Code  Gb  stm8l15x_tim3.o [1]
TIM3_Initial            0x0095bd   0x24  Code  Gb  bsp.o [1]
TIM3_Set                0x009570   0x25  Code  Gb  bsp.o [1]
TIM3_SetCounter         0x00a89f    0xf  Code  Gb  stm8l15x_tim3.o [1]
TIM3_TimeBaseInit       0x00aa2f   0x2a  Code  Gb  stm8l15x_tim3.o [1]
TIM3_UPD_OVF_TRG_BRK_IRQHandler
                        0x00ac62   0x21  Code  Gb  stm8l15x_it.o [1]
TIM4_UPD_OVF_TRG_IRQHandler
                        0x00af34    0x1  Code  Gb  stm8l15x_it.o [1]
TRAP_IRQHandler         0x00af20    0x1  Code  Gb  stm8l15x_it.o [1]
U1_Set                  0x009546   0x14  Code  Gb  bsp.o [1]
USART1_Initial          0x00969b   0x35  Code  Gb  bsp.o [1]
USART1_RX_IRQHandler    0x00a5c3   0x52  Code  Gb  stm8l15x_it.o [1]
USART1_TX_IRQHandler    0x00af36    0x1  Code  Gb  stm8l15x_it.o [1]
USART_ClearITPendingBit
                        0x00acc4   0x20  Code  Gb  stm8l15x_usart.o [1]
USART_Cmd               0x00ac83   0x21  Code  Gb  stm8l15x_usart.o [1]
USART_GetFlagStatus     0x00ac1f   0x22  Code  Gb  stm8l15x_usart.o [1]
USART_GetITStatus       0x009f58   0xab  Code  Gb  stm8l15x_usart.o [1]
USART_ITConfig          0x00a137   0x96  Code  Gb  stm8l15x_usart.o [1]
USART_Init              0x009d0d   0xe4  Code  Gb  stm8l15x_usart.o [1]
USART_ReceiveData8      0x00af14    0x3  Code  Gb  stm8l15x_usart.o [1]
USART_SendData8         0x00af17    0x3  Code  Gb  stm8l15x_usart.o [1]
_GenldLargeNoMb         0x008b30  0x3bc  Code  Lc  xprintflarge_nomb.o [4]
_LdtobLargeNoMb         0x008eec  0x2ae  Code  Lc  xprintflarge_nomb.o [4]
_LitobLargeNoMb         0x009857  0x17f  Code  Lc  xprintflarge_nomb.o [4]
_Locale_lconv           0x000010   0x2e  Data  Gb  localeconv.o [4]
_PrintfLargeNoMb        0x0081fc  0x4e7  Code  Gb  xprintflarge_nomb.o [4]
_Prout                  0x00ad20   0x1d  Code  Gb  xprout.o [4]
_PutcharLargeNoMb       0x00a9aa   0x2e  Code  Lc  xprintflarge_nomb.o [4]
_PutcharsLargeNoMb      0x00a8db   0x3b  Code  Lc  xprintflarge_nomb.o [4]
__DebugBreak            0x00af38    0x1  Code  Gb  __dbg_break.o [3]
__exit                  0x00ad6b   0x16  Code  Gb  __dbg_xxexit.o [3]
__iar_Dunscale          0x00a615         Code  Gb  float_libsup.o [4]
__iar_Memchr            0x00adab   0x15  Code  Gb  memchr.o [4]
__iar_Strchr            0x00adc0   0x15  Code  Gb  strchr.o [4]
__iar_Tls_setup__Locale_lconv
                        0x00004b    0x3  Data  Gb  localeconv.o [4]
__iar_copy_init2        0x00aad1         Code  Gb  init_small.o [4]
__iar_data_init2        0x00ace4   0x1e  Code  Gb  init.o [4]
__iar_program_start     0x00ad54         Code  Gb  cstartup.o [4]
__iar_unhandled_exception
                        0x00af1d         Code  Gb  unhandled_exception.o [4]
__intvec                0x008000         Data  Gb  interrupt.o [4]
__low_level_init        0x00af1a    0x3  Code  Gb  low_level_init.o [4]
_exit                   0x00aed7         Code  Gb  cexit.o [4]
_interrupt_1            0x00af20         Code  Gb  stm8l15x_it.o [1]
_interrupt_10           0x00af26         Code  Gb  stm8l15x_it.o [1]
_interrupt_11           0x00af27         Code  Gb  stm8l15x_it.o [1]
_interrupt_12           0x00af28         Code  Gb  stm8l15x_it.o [1]
_interrupt_13           0x00af29         Code  Gb  stm8l15x_it.o [1]
_interrupt_14           0x00af2a         Code  Gb  stm8l15x_it.o [1]
_interrupt_15           0x00af2b         Code  Gb  stm8l15x_it.o [1]
_interrupt_16           0x00af2c         Code  Gb  stm8l15x_it.o [1]
_interrupt_17           0x00af2d         Code  Gb  stm8l15x_it.o [1]
_interrupt_18           0x00af2e         Code  Gb  stm8l15x_it.o [1]
_interrupt_19           0x00ae81         Code  Gb  stm8l15x_it.o [1]
_interrupt_20           0x00af2f         Code  Gb  stm8l15x_it.o [1]
_interrupt_21           0x00a51d         Code  Gb  stm8l15x_it.o [1]
_interrupt_22           0x00af30         Code  Gb  stm8l15x_it.o [1]
_interrupt_23           0x00ac62         Code  Gb  stm8l15x_it.o [1]
_interrupt_24           0x00af31         Code  Gb  stm8l15x_it.o [1]
_interrupt_25           0x00af32         Code  Gb  stm8l15x_it.o [1]
_interrupt_26           0x00af33         Code  Gb  stm8l15x_it.o [1]
_interrupt_27           0x00af34         Code  Gb  stm8l15x_it.o [1]
_interrupt_28           0x00af35         Code  Gb  stm8l15x_it.o [1]
_interrupt_29           0x00af36         Code  Gb  stm8l15x_it.o [1]
_interrupt_3            0x00af21         Code  Gb  stm8l15x_it.o [1]
_interrupt_30           0x00a5c3         Code  Gb  stm8l15x_it.o [1]
_interrupt_31           0x00af37         Code  Gb  stm8l15x_it.o [1]
_interrupt_4            0x00af22         Code  Gb  stm8l15x_it.o [1]
_interrupt_5            0x00af23         Code  Gb  stm8l15x_it.o [1]
_interrupt_6            0x00abd9         Code  Gb  stm8l15x_it.o [1]
_interrupt_7            0x00a94a         Code  Gb  stm8l15x_it.o [1]
_interrupt_8            0x00af24         Code  Gb  stm8l15x_it.o [1]
_interrupt_9            0x00af25         Code  Gb  stm8l15x_it.o [1]
distance                0x000058    0x1  Data  Gb  main.o [1]
div                     0x00a916   0x34  Code  Gb  div.o [4]
exit                    0x00af07    0x4  Code  Gb  exit.o [4]
localeconv              0x00ae07    0xe  Code  Gb  localeconv.o [4]
main                    0x0099d6  0x12c  Code  Gb  main.o [1]
memcpy                  0x00ab46   0x26  Code  Gb  memcpy.o [4]
pad                     0x00a826   0x3d  Code  Lc  xprintflarge_nomb.o [4]
printf                  0x00aa81   0x28  Code  Gb  printf.o [4]
putchar                 0x00ab91   0x24  Code  Gb  main.o [1]
scale                   0x00a667   0x51  Code  Lc  xprintflarge_nomb.o [4]
strlen                  0x00add5   0x12  Code  Gb  strlen.o [4]


[1] = E:\Github Project\STM8L151K4T6_Oil_Can_Drone\Debug\Obj
[2] = command line
[3] = dbgstm8mmd.a
[4] = dlstm8mmf.a

  11 581 bytes of readonly  code memory
     508 bytes of readonly  data memory
     345 bytes of readwrite data memory

Errors: none
Warnings: none
