###############################################################################
#
# IAR ELF Linker V2.10.4.157 for STM8                     11/Jan/2017  15:15:14
# Copyright 2010-2015 IAR Systems AB.
#
#    Output file  =  
#        E:\Github
#        Project\STM8L151K4T6_Oil_Can_Drone\Debug\Exe\XiangRui_STM8L15x_Library.out
#    Map file     =  
#        E:\Github
#        Project\STM8L151K4T6_Oil_Can_Drone\Debug\List\XiangRui_STM8L15x_Library.map
#    Command line =  
#        "E:\Github Project\STM8L151K4T6_Oil_Can_Drone\Debug\Obj\bsp.o"
#        "E:\Github Project\STM8L151K4T6_Oil_Can_Drone\Debug\Obj\CC1101.o"
#        "E:\Github Project\STM8L151K4T6_Oil_Can_Drone\Debug\Obj\main.o"
#        "E:\Github
#        Project\STM8L151K4T6_Oil_Can_Drone\Debug\Obj\stm8l15x_adc.o"
#        "E:\Github
#        Project\STM8L151K4T6_Oil_Can_Drone\Debug\Obj\stm8l15x_aes.o"
#        "E:\Github
#        Project\STM8L151K4T6_Oil_Can_Drone\Debug\Obj\stm8l15x_beep.o"
#        "E:\Github
#        Project\STM8L151K4T6_Oil_Can_Drone\Debug\Obj\stm8l15x_clk.o"
#        "E:\Github
#        Project\STM8L151K4T6_Oil_Can_Drone\Debug\Obj\stm8l15x_comp.o"
#        "E:\Github
#        Project\STM8L151K4T6_Oil_Can_Drone\Debug\Obj\stm8l15x_dac.o"
#        "E:\Github
#        Project\STM8L151K4T6_Oil_Can_Drone\Debug\Obj\stm8l15x_dma.o"
#        "E:\Github
#        Project\STM8L151K4T6_Oil_Can_Drone\Debug\Obj\stm8l15x_exti.o"
#        "E:\Github
#        Project\STM8L151K4T6_Oil_Can_Drone\Debug\Obj\stm8l15x_flash.o"
#        "E:\Github
#        Project\STM8L151K4T6_Oil_Can_Drone\Debug\Obj\stm8l15x_gpio.o"
#        "E:\Github
#        Project\STM8L151K4T6_Oil_Can_Drone\Debug\Obj\stm8l15x_i2c.o"
#        "E:\Github
#        Project\STM8L151K4T6_Oil_Can_Drone\Debug\Obj\stm8l15x_irtim.o"
#        "E:\Github Project\STM8L151K4T6_Oil_Can_Drone\Debug\Obj\stm8l15x_it.o"
#        "E:\Github
#        Project\STM8L151K4T6_Oil_Can_Drone\Debug\Obj\stm8l15x_itc.o"
#        "E:\Github
#        Project\STM8L151K4T6_Oil_Can_Drone\Debug\Obj\stm8l15x_iwdg.o"
#        "E:\Github
#        Project\STM8L151K4T6_Oil_Can_Drone\Debug\Obj\stm8l15x_lcd.o"
#        "E:\Github
#        Project\STM8L151K4T6_Oil_Can_Drone\Debug\Obj\stm8l15x_pwr.o"
#        "E:\Github
#        Project\STM8L151K4T6_Oil_Can_Drone\Debug\Obj\stm8l15x_rst.o"
#        "E:\Github
#        Project\STM8L151K4T6_Oil_Can_Drone\Debug\Obj\stm8l15x_rtc.o"
#        "E:\Github
#        Project\STM8L151K4T6_Oil_Can_Drone\Debug\Obj\stm8l15x_spi.o"
#        "E:\Github
#        Project\STM8L151K4T6_Oil_Can_Drone\Debug\Obj\stm8l15x_syscfg.o"
#        "E:\Github
#        Project\STM8L151K4T6_Oil_Can_Drone\Debug\Obj\stm8l15x_tim1.o"
#        "E:\Github
#        Project\STM8L151K4T6_Oil_Can_Drone\Debug\Obj\stm8l15x_tim2.o"
#        "E:\Github
#        Project\STM8L151K4T6_Oil_Can_Drone\Debug\Obj\stm8l15x_tim3.o"
#        "E:\Github
#        Project\STM8L151K4T6_Oil_Can_Drone\Debug\Obj\stm8l15x_tim4.o"
#        "E:\Github
#        Project\STM8L151K4T6_Oil_Can_Drone\Debug\Obj\stm8l15x_tim5.o"
#        "E:\Github
#        Project\STM8L151K4T6_Oil_Can_Drone\Debug\Obj\stm8l15x_usart.o"
#        "E:\Github
#        Project\STM8L151K4T6_Oil_Can_Drone\Debug\Obj\stm8l15x_wfe.o"
#        "E:\Github
#        Project\STM8L151K4T6_Oil_Can_Drone\Debug\Obj\stm8l15x_wwdg.o" -o
#        "E:\Github
#        Project\STM8L151K4T6_Oil_Can_Drone\Debug\Exe\XiangRui_STM8L15x_Library.out"
#        --map "E:\Github
#        Project\STM8L151K4T6_Oil_Can_Drone\Debug\List\XiangRui_STM8L15x_Library.map"
#        --config "E:\My Program\IAR_STM8-7.0\stm8\config\lnkstm8l151k4.icf"
#        --config_def _CSTACK_SIZE=0x100 --config_def _HEAP_SIZE=0x100 --entry
#        __iar_program_start --debug_lib
#
###############################################################################

*******************************************************************************
*** RUNTIME MODEL ATTRIBUTES
***

__Heap_Handler             = Basic
__SystemLibrary            = DLib
__code_model               = medium_or_large
__core                     = stm8
__data_model               = medium
__dlib_file_descriptor     = 1
__dlib_full_locale_support = 1
__rt_version               = 4


*******************************************************************************
*** PLACEMENT SUMMARY
***

"A1":  place at start of [0x000000-0x0000ff] { rw section .vregs };
"A2":  place at end of [0x000000-0x0007ff] { block CSTACK };
"P2":  place in [from 0x000000 to 0x0007ff] {
          block HEAP, rw section __DLIB_PERTHREAD, rw section .far.bss,
          rw section .far.data, rw section .far.noinit,
          rw section .far_func.textrw, rw section .huge.bss,
          rw section .huge.data, rw section .huge.noinit,
          rw section .huge_func.textrw, rw section .iar.dynexit,
          rw section .near.bss, rw section .near.data, rw section .near.noinit,
          rw section .near_func.textrw };
"A3":  place at start of [0x008000-0x00bfff] { block INTVEC };
"P3":  place in [from 0x008000 to 0x00bfff] {
          ro section __DLIB_PERTHREAD_init, ro section .far.data_init,
          ro section .far_func.textrw_init, ro section .huge.data_init,
          ro section .huge_func.textrw_init, ro section .iar.init_table,
          ro section .init_array, ro section .near.data_init,
          ro section .near.rodata, ro section .near_func.text,
          ro section .near_func.textrw_init, ro section .tiny.data_init,
          ro section .tiny.rodata_init };
"P4":  place in [from 0x008000 to 0x00bfff] {
          ro section .far.rodata, ro section .far_func.text };

  Section            Kind      Address    Size  Object
  -------            ----      -------    ----  ------
"A1":                                     0x10
  .vregs             uninit   0x000000    0x10  vregs.o [4]
                            - 0x000010    0x10

"P2":                                     0x49
  P2 s0                       0x000010    0x49  <Init block>
    .near.data       inited   0x000010    0x2e  localeconv.o [4]
    .near.data       inited   0x00003e     0x8  CC1101.o [1]
    .near.data       inited   0x000046     0x5  main.o [1]
    .near.bss        inited   0x00004b     0x3  localeconv.o [4]
    .near.bss        inited   0x00004e     0x2  main.o [1]
    .near.bss        inited   0x000050     0x2  main.o [1]
    .near.bss        inited   0x000052     0x2  main.o [1]
    .near.bss        inited   0x000054     0x2  stm8l15x_it.o [1]
    .near.bss        inited   0x000056     0x1  CC1101.o [1]
    .near.bss        inited   0x000057     0x1  main.o [1]
    .near.bss        inited   0x000058     0x1  main.o [1]
                            - 0x000059    0x49

"A2":                                    0x100
  CSTACK                      0x000700   0x100  <Block>
    CSTACK           uninit   0x000700   0x100  <Block tail>
                            - 0x000800   0x100

"A3":                                     0x80
  INTVEC                      0x008000    0x80  <Block>
    .intvec          const    0x008000    0x80  interrupt.o [4]
                            - 0x008080    0x80

"P3":                                    0x19f
  .near.rodata       const    0x008080    0x2e  CC1101.o [1]
  .iar.init_table    const    0x0080ae     0xb  - Linker created -
  .near.rodata       const    0x0080b9    0x17  main.o [1]
  .near.rodata       const    0x0080d0    0x15  main.o [1]
  .near.rodata       const    0x0080e5    0x13  CC1101.o [1]
  .near.rodata       const    0x0080f8    0x13  main.o [1]
  .near.rodata       const    0x00810b    0x12  main.o [1]
  .near.rodata       const    0x00811d    0x11  main.o [1]
  .near.rodata       const    0x00812e    0x11  main.o [1]
  .near.rodata       const    0x00813f    0x11  main.o [1]
  .near.rodata       const    0x008150    0x10  main.o [1]
  .near.rodata       const    0x008160    0x10  main.o [1]
  .near.rodata       const    0x008170     0xf  main.o [1]
  .near.rodata       const    0x00817f     0xb  main.o [1]
  .near.rodata       const    0x00818a     0xa  CC1101.o [1]
  .near.rodata       const    0x008194     0xa  main.o [1]
  .near.rodata       const    0x00819e     0x7  xprintflarge_nomb.o [4]
  .near.rodata       const    0x0081a5     0x6  localeconv.o [4]
  .near.rodata       const    0x0081ab     0x5  CC1101.o [1]
  .near.rodata       const    0x0081b0     0x5  stm8l15x_clk.o [1]
  .near.rodata       const    0x0081b5     0x5  localeconv.o [4]
  .near.rodata       const    0x0081ba     0x4  main.o [1]
  .near.rodata       const    0x0081be     0x4  xprintflarge_nomb.o [4]
  .near.rodata       const    0x0081c2     0x4  xprintflarge_nomb.o [4]
  .near.rodata       const    0x0081c6     0x4  xprintflarge_nomb.o [4]
  .near.rodata       const    0x0081ca     0x4  xprintflarge_nomb.o [4]
  .near.rodata       const    0x0081ce     0x3  main.o [1]
  .near.rodata       const    0x0081d1     0x2  xprintflarge_nomb.o [4]
  .near.rodata       const    0x0081d3     0x2  localeconv.o [4]
  .near.rodata       const    0x0081d5     0x1  localeconv.o [4]
  Initializer bytes  const    0x0081d6    0x49  <for P2 s0>
                            - 0x00821f   0x19f

"P4":                                   0x2d99
  .far_func.text     ro code  0x00821f   0x4e7  xprintflarge_nomb.o [4]
  .far_func.text     ro code  0x008706   0x44d  float.o [4]
  .far_func.text     ro code  0x008b53   0x3bc  xprintflarge_nomb.o [4]
  .far_func.text     ro code  0x008f0f   0x2ae  xprintflarge_nomb.o [4]
  .far_func.text     ro code  0x0091bd   0x20a  CC1101.o [1]
  .far_func.text     ro code  0x0093c7   0x1a2  vreg_util.o [4]
  .far_func.text     ro code  0x009569   0x187  long.o [4]
  .far_func.text     ro code  0x0096f0   0x17f  xprintflarge_nomb.o [4]
  .far_func.text     ro code  0x00986f   0x17c  bsp.o [1]
  .far_func.text     ro code  0x0099eb   0x176  main.o [1]
  .far_func.text     ro code  0x009b61   0x11d  main.o [1]
  .far_func.text     ro code  0x009c7e    0xee  stm8l15x_rtc.o [1]
  .far_func.text     ro code  0x009d6c    0xe4  stm8l15x_usart.o [1]
  .far_func.text     ro code  0x009e50    0xc7  main.o [1]
  .far_func.text     ro code  0x009f17    0xae  stm8l15x_gpio.o [1]
  .far_func.text     ro code  0x009fc5    0xab  stm8l15x_usart.o [1]
  .far_func.text     ro code  0x00a070    0x9d  CC1101.o [1]
  .far_func.text     ro code  0x00a10d    0x97  CC1101.o [1]
  .far_func.text     ro code  0x00a1a4    0x96  stm8l15x_usart.o [1]
  .far_func.text     ro code  0x00a23a    0x94  stm8l15x_rtc.o [1]
  .far_func.text     ro code  0x00a2ce    0x8f  stm8l15x_clk.o [1]
  .far_func.text     ro code  0x00a35d    0x86  bsp.o [1]
  .far_func.text     ro code  0x00a3e3    0x7e  stm8l15x_clk.o [1]
  .far_func.text     ro code  0x00a461    0x76  CC1101.o [1]
  .far_func.text     ro code  0x00a4d7    0x65  stm8l15x_tim3.o [1]
  .far_func.text     ro code  0x00a53c    0x64  long_util.o [4]
  .far_func.text     ro code  0x00a5a0    0x54  stm8l15x_it.o [1]
  .far_func.text     ro code  0x00a5f4    0x52  CC1101.o [1]
  .far_func.text     ro code  0x00a646    0x52  stm8l15x_it.o [1]
  .far_func.text     ro code  0x00a698    0x52  float_libsup.o [4]
  .far_func.text     ro code  0x00a6ea    0x51  xprintflarge_nomb.o [4]
  .far_func.text     ro code  0x00a73b    0x4f  stm8l15x_rtc.o [1]
  .far_func.text     ro code  0x00a78a    0x4b  stm8l15x_adc.o [1]
  .far_func.text     ro code  0x00a7d5    0x4b  xprintflarge_nomb.o [4]
  .far_func.text     ro code  0x00a820    0x4a  stm8l15x_spi.o [1]
  .far_func.text     ro code  0x00a86a    0x3f  short.o [4]
  .far_func.text     ro code  0x00a8a9    0x3d  xprintflarge_nomb.o [4]
  .far_func.text     ro code  0x00a8e6    0x3c  main.o [1]
  .far_func.text     ro code  0x00a922    0x3c  stm8l15x_tim3.o [1]
  .far_func.text     ro code  0x00a95e    0x3b  xprintflarge_nomb.o [4]
  .far_func.text     ro code  0x00a999    0x34  div.o [4]
  .far_func.text     ro code  0x00a9cd    0x31  stm8l15x_it.o [1]
  .far_func.text     ro code  0x00a9fe    0x2f  stm8l15x_pwr.o [1]
  .far_func.text     ro code  0x00aa2d    0x2e  xprintflarge_nomb.o [4]
  .far_func.text     ro code  0x00aa5b    0x2c  dc_util.o [4]
  .far_func.text     ro code  0x00aa87    0x2b  stm8l15x_adc.o [1]
  .far_func.text     ro code  0x00aab2    0x2a  stm8l15x_tim3.o [1]
  .far_func.text     ro code  0x00aadc    0x28  stm8l15x_rtc.o [1]
  .far_func.text     ro code  0x00ab04    0x28  printf.o [4]
  .far_func.text     ro code  0x00ab2c    0x28  far_util.o [4]
  .far_func.text     ro code  0x00ab54    0x28  init_small.o [4]
  .far_func.text     ro code  0x00ab7c    0x27  stm8l15x_pwr.o [1]
  .far_func.text     ro code  0x00aba3    0x26  stm8l15x_rtc.o [1]
  .far_func.text     ro code  0x00abc9    0x26  memcpy.o [4]
  .far_func.text     ro code  0x00abef    0x25  stm8l15x_adc.o [1]
  .far_func.text     ro code  0x00ac14    0x24  main.o [1]
  .far_func.text     ro code  0x00ac38    0x23  stm8l15x_it.o [1]
  .far_func.text     ro code  0x00ac5b    0x23  stm8l15x_spi.o [1]
  .far_func.text     ro code  0x00ac7e    0x22  stm8l15x_usart.o [1]
  .far_func.text     ro code  0x00aca0    0x21  CC1101.o [1]
  .far_func.text     ro code  0x00acc1    0x21  stm8l15x_it.o [1]
  .far_func.text     ro code  0x00ace2    0x21  stm8l15x_usart.o [1]
  .far_func.text     ro code  0x00ad03    0x20  main.o [1]
  .far_func.text     ro code  0x00ad23    0x20  main.o [1]
  .far_func.text     ro code  0x00ad43    0x20  stm8l15x_usart.o [1]
  .far_func.text     ro code  0x00ad63    0x1e  init.o [4]
  .far_func.text     ro code  0x00ad81    0x1e  xprintflarge_nomb.o [4]
  .far_func.text     ro code  0x00ad9f    0x1d  xprout.o [4]
  .far_func.text     ro code  0x00adbc    0x17  main.o [1]
  .far_func.text     ro code  0x00add3    0x17  cstartup.o [4]
  .far_func.text     ro code  0x00adea    0x16  __dbg_xxexit.o [3]
  .far_func.text     ro code  0x00ae00    0x15  stm8l15x_adc.o [1]
  .far_func.text     ro code  0x00ae15    0x15  stm8l15x_spi.o [1]
  .far_func.text     ro code  0x00ae2a    0x15  memchr.o [4]
  .far_func.text     ro code  0x00ae3f    0x15  strchr.o [4]
  .far_func.text     ro code  0x00ae54    0x12  strlen.o [4]
  .far_func.text     ro code  0x00ae66    0x10  xprintflarge_nomb.o [4]
  .far_func.text     ro code  0x00ae76    0x10  xprintflarge_nomb.o [4]
  .far_func.text     ro code  0x00ae86     0xe  localeconv.o [4]
  .far_func.text     ro code  0x00ae94     0xe  localeconv.o [4]
  .far_func.text     ro code  0x00aea2     0xd  stm8l15x_adc.o [1]
  .far_func.text     ro code  0x00aeaf     0xd  stm8l15x_spi.o [1]
  .far_func.text     ro code  0x00aebc     0xd  move.o [4]
  .far_func.text     ro code  0x00aec9     0xc  xprintflarge_nomb.o [4]
  .far_func.text     ro code  0x00aed5     0xb  xprintflarge_nomb.o [4]
  .far_func.text     ro code  0x00aee0     0xb  xprintflarge_nomb.o [4]
  .far_func.text     ro code  0x00aeeb     0xb  localeconv.o [4]
  .far_func.text     ro code  0x00aef6     0xa  stm8l15x_clk.o [1]
  .far_func.text     ro code  0x00af00     0xa  stm8l15x_it.o [1]
  .far_func.text     ro code  0x00af0a     0xa  stm8l15x_rtc.o [1]
  .far_func.text     ro code  0x00af14     0xa  far.o [4]
  .far_func.text     ro code  0x00af1e     0xa  xprintflarge_nomb.o [4]
  .far_func.text     ro code  0x00af28     0x9  CC1101.o [1]
  .far_func.text     ro code  0x00af31     0x9  xprintflarge_nomb.o [4]
  .far_func.text     ro code  0x00af3a     0x9  xprintflarge_nomb.o [4]
  .far_func.text     ro code  0x00af43     0x7  xprintflarge_nomb.o [4]
  .far_func.text     ro code  0x00af4a     0x6  bsp.o [1]
  .far_func.text     ro code  0x00af50     0x6  stm8l15x_adc.o [1]
  .far_func.text     ro code  0x00af56     0x6  cexit.o [4]
  .far_func.text     ro code  0x00af5c     0x5  stm8l15x_adc.o [1]
  .far_func.text     ro code  0x00af61     0x5  stm8l15x_pwr.o [1]
  .far_func.text     ro code  0x00af66     0x5  stm8l15x_spi.o [1]
  .far_func.text     ro code  0x00af6b     0x5  stm8l15x_spi.o [1]
  .far_func.text     ro code  0x00af70     0x5  stm8l15x_tim2.o [1]
  .far_func.text     ro code  0x00af75     0x5  stm8l15x_tim3.o [1]
  .far_func.text     ro code  0x00af7a     0x4  stm8l15x_clk.o [1]
  .far_func.text     ro code  0x00af7e     0x4  stm8l15x_gpio.o [1]
  .far_func.text     ro code  0x00af82     0x4  interrupt.o [4]
  .far_func.text     ro code  0x00af86     0x4  exit.o [4]
  .far_func.text     ro code  0x00af8a     0x3  stm8l15x_gpio.o [1]
  .far_func.text     ro code  0x00af8d     0x3  stm8l15x_gpio.o [1]
  .far_func.text     ro code  0x00af90     0x3  stm8l15x_gpio.o [1]
  .far_func.text     ro code  0x00af93     0x3  stm8l15x_usart.o [1]
  .far_func.text     ro code  0x00af96     0x3  stm8l15x_usart.o [1]
  .far_func.text     ro code  0x00af99     0x3  low_level_init.o [4]
  .far_func.text     ro code  0x00af9c     0x3  unhandled_exception.o [4]
  .far_func.text     ro code  0x00af9f     0x1  stm8l15x_it.o [1]
  .far_func.text     ro code  0x00afa0     0x1  stm8l15x_it.o [1]
  .far_func.text     ro code  0x00afa1     0x1  stm8l15x_it.o [1]
  .far_func.text     ro code  0x00afa2     0x1  stm8l15x_it.o [1]
  .far_func.text     ro code  0x00afa3     0x1  stm8l15x_it.o [1]
  .far_func.text     ro code  0x00afa4     0x1  stm8l15x_it.o [1]
  .far_func.text     ro code  0x00afa5     0x1  stm8l15x_it.o [1]
  .far_func.text     ro code  0x00afa6     0x1  stm8l15x_it.o [1]
  .far_func.text     ro code  0x00afa7     0x1  stm8l15x_it.o [1]
  .far_func.text     ro code  0x00afa8     0x1  stm8l15x_it.o [1]
  .far_func.text     ro code  0x00afa9     0x1  stm8l15x_it.o [1]
  .far_func.text     ro code  0x00afaa     0x1  stm8l15x_it.o [1]
  .far_func.text     ro code  0x00afab     0x1  stm8l15x_it.o [1]
  .far_func.text     ro code  0x00afac     0x1  stm8l15x_it.o [1]
  .far_func.text     ro code  0x00afad     0x1  stm8l15x_it.o [1]
  .far_func.text     ro code  0x00afae     0x1  stm8l15x_it.o [1]
  .far_func.text     ro code  0x00afaf     0x1  stm8l15x_it.o [1]
  .far_func.text     ro code  0x00afb0     0x1  stm8l15x_it.o [1]
  .far_func.text     ro code  0x00afb1     0x1  stm8l15x_it.o [1]
  .far_func.text     ro code  0x00afb2     0x1  stm8l15x_it.o [1]
  .far_func.text     ro code  0x00afb3     0x1  stm8l15x_it.o [1]
  .far_func.text     ro code  0x00afb4     0x1  stm8l15x_it.o [1]
  .far_func.text     ro code  0x00afb5     0x1  stm8l15x_it.o [1]
  .far_func.text     ro code  0x00afb6     0x1  stm8l15x_it.o [1]
  .far_func.text     ro code  0x00afb7     0x1  __dbg_break.o [3]
                            - 0x00afb8  0x2d99


*******************************************************************************
*** INIT TABLE
***

          Address   Size
          -------   ----
Copy (__iar_copy_init2)
    1 source range, total size 0x49:
          0x0081d6  0x49
    1 destination range, total size 0x49:
          0x000010  0x49



*******************************************************************************
*** MODULE SUMMARY
***

    Module                 ro code  ro data  rw data
    ------                 -------  -------  -------
E:\Github Project\STM8L151K4T6_Oil_Can_Drone\Debug\Obj: [1]
    CC1101.o                 1 072       89        9
    bsp.o                      520
    main.o                   1 041      220       13
    stm8l15x_adc.o             200
    stm8l15x_clk.o             283        5
    stm8l15x_gpio.o            187
    stm8l15x_it.o              317        2        2
    stm8l15x_pwr.o              91
    stm8l15x_rtc.o             553
    stm8l15x_spi.o             153
    stm8l15x_tim2.o              5
    stm8l15x_tim3.o            208
    stm8l15x_usart.o           654
    ------------------------------------------------
    Total:                   5 284      316       24

command line: [2]
    ------------------------------------------------
    Total:

dbgstm8mmd.a: [3]
    __dbg_break.o                1
    __dbg_xxexit.o              22
    ------------------------------------------------
    Total:                      23

dlstm8mmf.a: [4]
    cexit.o                      6
    cstartup.o                  23
    dc_util.o                   44
    div.o                       52
    exit.o                       4
    far.o                       10
    far_util.o                  40
    float.o                  1 101
    float_libsup.o              82
    init.o                      30
    init_small.o                40
    interrupt.o                  4      128
    localeconv.o                39       63       49
    long.o                     391
    long_util.o                100
    low_level_init.o             3
    memchr.o                    21
    memcpy.o                    38
    move.o                      13
    printf.o                    40
    short.o                     63
    strchr.o                    21
    strlen.o                    18
    unhandled_exception.o        3
    vreg_util.o                418
    vregs.o                                       16
    xprintflarge_nomb.o      3 733       25
    xprout.o                    29
    ------------------------------------------------
    Total:                   6 366      216       65

    Linker created                       11      256
----------------------------------------------------
    Grand Total:            11 673      543      345


*******************************************************************************
*** ENTRY LIST
***

Entry                    Address   Size  Type      Object
-----                    -------   ----  ----      ------
.iar.init_table$$Base   0x0080ae          --   Gb  - Linker created -
.iar.init_table$$Limit  0x0080b9          --   Gb  - Linker created -
?and32_l0_l0_0x         0x0096c0         Code  Gb  long.o [4]
?and32_l0_l0_l1         0x0096bd         Code  Gb  long.o [4]
?b0                     0x000000         Data  Gb  vregs.o [4]
?b1                     0x000001         Data  Gb  vregs.o [4]
?b10                    0x00000a         Data  Gb  vregs.o [4]
?b11                    0x00000b         Data  Gb  vregs.o [4]
?b12                    0x00000c         Data  Gb  vregs.o [4]
?b13                    0x00000d         Data  Gb  vregs.o [4]
?b14                    0x00000e         Data  Gb  vregs.o [4]
?b15                    0x00000f         Data  Gb  vregs.o [4]
?b2                     0x000002         Data  Gb  vregs.o [4]
?b3                     0x000003         Data  Gb  vregs.o [4]
?b4                     0x000004         Data  Gb  vregs.o [4]
?b5                     0x000005         Data  Gb  vregs.o [4]
?b6                     0x000006         Data  Gb  vregs.o [4]
?b7                     0x000007         Data  Gb  vregs.o [4]
?b8                     0x000008         Data  Gb  vregs.o [4]
?b9                     0x000009         Data  Gb  vregs.o [4]
?dc32_l1                0x00aa5b         Code  Gb  dc_util.o [4]
?e0                     0x000001         Data  Gb  vregs.o [4]
?e1                     0x000005         Data  Gb  vregs.o [4]
?e2                     0x000009         Data  Gb  vregs.o [4]
?e3                     0x00000d         Data  Gb  vregs.o [4]
?epilogue_l2            0x0094d8         Code  Gb  vreg_util.o [4]
?epilogue_l2_l3         0x0094d4         Code  Gb  vreg_util.o [4]
?epilogue_l2_w6         0x0094dd         Code  Gb  vreg_util.o [4]
?epilogue_w4            0x0094e6         Code  Gb  vreg_util.o [4]
?fadd32_l0_l0_l1        0x00872a         Code  Gb  float.o [4]
?fcastf32u16_l0_x       0x0089aa         Code  Gb  float.o [4]
?fcastf32u32_l0_l0      0x008a18         Code  Gb  float.o [4]
?fcastu32f32_l0_l0      0x0089c8         Code  Gb  float.o [4]
?fcmplt32_c_l0_0x       0x008954         Code  Gb  float.o [4]
?fcmplt32_c_l0_dc32     0x00894d         Code  Gb  float.o [4]
?fcmplt32_c_l0_l1       0x008951         Code  Gb  float.o [4]
?fdiv32_l0_l0_dc32      0x008899         Code  Gb  float.o [4]
?fdiv32_l0_l0_l1        0x00889f         Code  Gb  float.o [4]
?fmul32_l0_l0_dc32      0x0087f8         Code  Gb  float.o [4]
?fmul32_l0_l0_l1        0x0087fe         Code  Gb  float.o [4]
?fsub32_l0_l0_l1        0x008724         Code  Gb  float.o [4]
?l0                     0x000000         Data  Gb  vregs.o [4]
?l1                     0x000004         Data  Gb  vregs.o [4]
?l2                     0x000008         Data  Gb  vregs.o [4]
?l3                     0x00000c         Data  Gb  vregs.o [4]
?load24_e0_0x           0x00ab38         Code  Gb  far_util.o [4]
?load24_e0_asp          0x00ab2c         Code  Gb  far_util.o [4]
?load24_e0_xsp          0x00ab2e         Code  Gb  far_util.o [4]
?load24_e1_0x           0x00ab46         Code  Gb  far_util.o [4]
?load32_0x_l0           0x00a592         Code  Gb  long_util.o [4]
?load32_l0_0x           0x00a556         Code  Gb  long_util.o [4]
?load32_l0_asp          0x00a54a         Code  Gb  long_util.o [4]
?load32_l0_dbsp         0x00a53c         Code  Gb  long_util.o [4]
?load32_l0_xsp          0x00a54c         Code  Gb  long_util.o [4]
?load32_l2_0x           0x00a57c         Code  Gb  long_util.o [4]
?load32_l2_asp          0x00a570         Code  Gb  long_util.o [4]
?load32_l2_dbsp         0x00a562         Code  Gb  long_util.o [4]
?load32_l2_xsp          0x00a572         Code  Gb  long_util.o [4]
?load32_xsp_l0          0x00a588         Code  Gb  long_util.o [4]
?mov_e0_e1              0x009511         Code  Gb  vreg_util.o [4]
?mov_e0_e2              0x00951e         Code  Gb  vreg_util.o [4]
?mov_e1_e0              0x00952b         Code  Gb  vreg_util.o [4]
?mov_e1_e2              0x009538         Code  Gb  vreg_util.o [4]
?mov_e1_e3              0x009545         Code  Gb  vreg_util.o [4]
?mov_e2_e0              0x009552         Code  Gb  vreg_util.o [4]
?mov_e3_e0              0x00955f         Code  Gb  vreg_util.o [4]
?mov_l0_l1              0x00950e         Code  Gb  vreg_util.o [4]
?mov_l0_l2              0x00951b         Code  Gb  vreg_util.o [4]
?mov_l1_l0              0x009528         Code  Gb  vreg_util.o [4]
?mov_l1_l2              0x009535         Code  Gb  vreg_util.o [4]
?mov_l1_l3              0x009542         Code  Gb  vreg_util.o [4]
?mov_l2_l0              0x00954f         Code  Gb  vreg_util.o [4]
?mov_l3_l0              0x00955c         Code  Gb  vreg_util.o [4]
?mov_w0_w1              0x0094eb         Code  Gb  vreg_util.o [4]
?mov_w0_w5              0x0094f2         Code  Gb  vreg_util.o [4]
?mov_w1_w3              0x009514         Code  Gb  vreg_util.o [4]
?mov_w1_w5              0x009521         Code  Gb  vreg_util.o [4]
?mov_w2_w0              0x0094f9         Code  Gb  vreg_util.o [4]
?mov_w2_w1              0x009500         Code  Gb  vreg_util.o [4]
?mov_w3_w1              0x00952e         Code  Gb  vreg_util.o [4]
?mov_w3_w5              0x00953b         Code  Gb  vreg_util.o [4]
?mov_w3_w7              0x009548         Code  Gb  vreg_util.o [4]
?mov_w4_w2              0x009507         Code  Gb  vreg_util.o [4]
?mov_w5_w1              0x009555         Code  Gb  vreg_util.o [4]
?mov_w7_w1              0x009562         Code  Gb  vreg_util.o [4]
?move1616_v_x_y_a       0x00aebc         Code  Gb  move.o [4]
?mul16_x_x_w0           0x00a86a         Code  Gb  short.o [4]
?mul32_l0_l0_l1         0x009579         Code  Gb  long.o [4]
?neg32_l0_l0            0x009569         Code  Gb  long.o [4]
?pop_e2                 0x009449         Code  Gb  vreg_util.o [4]
?pop_l0                 0x00949c         Code  Gb  vreg_util.o [4]
?pop_l1                 0x0094a7         Code  Gb  vreg_util.o [4]
?pop_l2                 0x0094b2         Code  Gb  vreg_util.o [4]
?pop_l3                 0x0094bd         Code  Gb  vreg_util.o [4]
?pop_w4                 0x0093f7         Code  Gb  vreg_util.o [4]
?pop_w6                 0x0093fe         Code  Gb  vreg_util.o [4]
?push_e0                0x009411         Code  Gb  vreg_util.o [4]
?push_e2                0x00942d         Code  Gb  vreg_util.o [4]
?push_l0                0x009467         Code  Gb  vreg_util.o [4]
?push_l1                0x00946c         Code  Gb  vreg_util.o [4]
?push_l2                0x009471         Code  Gb  vreg_util.o [4]
?push_l3                0x009476         Code  Gb  vreg_util.o [4]
?push_w0                0x0093c7         Code  Gb  vreg_util.o [4]
?push_w1                0x0093cc         Code  Gb  vreg_util.o [4]
?push_w2                0x0093d1         Code  Gb  vreg_util.o [4]
?push_w4                0x0093d6         Code  Gb  vreg_util.o [4]
?push_w6                0x0093db         Code  Gb  vreg_util.o [4]
?sdiv16_x_x_y           0x00a888         Code  Gb  short.o [4]
?sdiv32_l0_l0_dl        0x00966e         Code  Gb  long.o [4]
?sdiv32_l0_l0_l1        0x009672         Code  Gb  long.o [4]
?sext32_l0_a            0x0096e3         Code  Gb  long.o [4]
?sext32_l0_x            0x0096d8         Code  Gb  long.o [4]
?sll16_x_x_a            0x00a8a1         Code  Gb  short.o [4]
?smod32_l1_l0_l1        0x009672         Code  Gb  long.o [4]
?ucmp24_c_0x_e0         0x00af14         Code  Gb  far.o [4]
?udiv32_l0_l0_dl        0x0095fd         Code  Gb  long.o [4]
?udiv32_l0_l0_l1        0x009601         Code  Gb  long.o [4]
?umod32_l1_l0_dl        0x0095f7         Code  Gb  long.o [4]
?umod32_l1_l0_l1        0x009601         Code  Gb  long.o [4]
?w0                     0x000000         Data  Gb  vregs.o [4]
?w1                     0x000002         Data  Gb  vregs.o [4]
?w2                     0x000004         Data  Gb  vregs.o [4]
?w3                     0x000006         Data  Gb  vregs.o [4]
?w4                     0x000008         Data  Gb  vregs.o [4]
?w5                     0x00000a         Data  Gb  vregs.o [4]
?w6                     0x00000c         Data  Gb  vregs.o [4]
?w7                     0x00000e         Data  Gb  vregs.o [4]
ADC1_COMP_IRQHandler    0x00afae    0x1  Code  Gb  stm8l15x_it.o [1]
ADC_ChannelCmd          0x00a78a   0x4b  Code  Gb  stm8l15x_adc.o [1]
ADC_ClearFlag           0x00af50    0x6  Code  Gb  stm8l15x_adc.o [1]
ADC_Cmd                 0x00aea2    0xd  Code  Gb  stm8l15x_adc.o [1]
ADC_Data_Read           0x009951   0x24  Code  Gb  bsp.o [1]
ADC_GetConversionValue  0x00aa87   0x2b  Code  Gb  stm8l15x_adc.o [1]
ADC_GetFlagStatus       0x00ae00   0x15  Code  Gb  stm8l15x_adc.o [1]
ADC_Init                0x00abef   0x25  Code  Gb  stm8l15x_adc.o [1]
ADC_Initial             0x009975   0x41  Code  Gb  bsp.o [1]
ADC_SoftwareStartConv   0x00af5c    0x5  Code  Gb  stm8l15x_adc.o [1]
CC1101ClrRXBuff         0x0091bd    0xa  Code  Gb  CC1101.o [1]
CC1101ClrTXBuff         0x0091c7    0xa  Code  Gb  CC1101.o [1]
CC1101GetRXCnt          0x00af28    0x9  Code  Gb  CC1101.o [1]
CC1101Init              0x00a10d   0x97  Code  Gb  CC1101.o [1]
CC1101InitData          0x008080   0x2e  Data  Lc  CC1101.o [1]
CC1101ReadMultiReg      0x009326   0x67  Code  Gb  CC1101.o [1]
CC1101ReadReg           0x00938d   0x3a  Code  Gb  CC1101.o [1]
CC1101ReadStatus        0x0092ec   0x3a  Code  Gb  CC1101.o [1]
CC1101RecPacket         0x00a461   0x76  Code  Gb  CC1101.o [1]
CC1101Reset             0x0091d7   0x33  Code  Gb  CC1101.o [1]
CC1101SendPacket        0x00a070   0x9d  Code  Gb  CC1101.o [1]
CC1101SetAddress        0x00a5f4   0x52  Code  Gb  CC1101.o [1]
CC1101SetIdle           0x0091d1    0x6  Code  Gb  CC1101.o [1]
CC1101SetSYNC           0x00aca0   0x21  Code  Gb  CC1101.o [1]
CC1101SetTRMode         0x0092c4   0x28  Code  Gb  CC1101.o [1]
CC1101WriteCmd          0x00920a   0x2e  Code  Gb  CC1101.o [1]
CC1101WriteMultiReg     0x009238   0x54  Code  Gb  CC1101.o [1]
CC1101WriteReg          0x00928c   0x38  Code  Gb  CC1101.o [1]
CLK_GetClockFreq        0x00a3e3   0x7e  Code  Gb  stm8l15x_clk.o [1]
CLK_PeripheralClockConfig
                        0x00a2ce   0x8f  Code  Gb  stm8l15x_clk.o [1]
CLK_RTCClockConfig      0x00aef6    0xa  Code  Gb  stm8l15x_clk.o [1]
CLK_SYSCLKDivConfig     0x00af7a    0x4  Code  Gb  stm8l15x_clk.o [1]
CSTACK$$Base            0x000700          --   Gb  - Linker created -
CSTACK$$Limit           0x000800          --   Gb  - Linker created -
Cnt1ms                  0x000050    0x2  Data  Gb  main.o [1]
DMA1_CHANNEL0_1_IRQHandler
                        0x00afa1    0x1  Code  Gb  stm8l15x_it.o [1]
DMA1_CHANNEL2_3_IRQHandler
                        0x00afa2    0x1  Code  Gb  stm8l15x_it.o [1]
DelayMs                 0x00ad03   0x20  Code  Gb  main.o [1]
Dis_Index               0x000057    0x1  Data  Gb  main.o [1]
Distance                0x00004e    0x2  Data  Gb  main.o [1]
EXTI0_IRQHandler        0x00afa5    0x1  Code  Gb  stm8l15x_it.o [1]
EXTI1_IRQHandler        0x00afa6    0x1  Code  Gb  stm8l15x_it.o [1]
EXTI2_IRQHandler        0x00afa7    0x1  Code  Gb  stm8l15x_it.o [1]
EXTI3_IRQHandler        0x00afa8    0x1  Code  Gb  stm8l15x_it.o [1]
EXTI4_IRQHandler        0x00afa9    0x1  Code  Gb  stm8l15x_it.o [1]
EXTI5_IRQHandler        0x00afaa    0x1  Code  Gb  stm8l15x_it.o [1]
EXTI6_IRQHandler        0x00afab    0x1  Code  Gb  stm8l15x_it.o [1]
EXTI7_IRQHandler        0x00afac    0x1  Code  Gb  stm8l15x_it.o [1]
EXTIB_IRQHandler        0x00afa3    0x1  Code  Gb  stm8l15x_it.o [1]
EXTID_IRQHandler        0x00afa4    0x1  Code  Gb  stm8l15x_it.o [1]
EXTIE_F_PVD_IRQHandler  0x00a9cd   0x31  Code  Gb  stm8l15x_it.o [1]
FLASH_IRQHandler        0x00afa0    0x1  Code  Gb  stm8l15x_it.o [1]
GPIO_Init               0x009f17   0xae  Code  Gb  stm8l15x_gpio.o [1]
GPIO_Initial            0x00a35d   0x86  Code  Gb  bsp.o [1]
GPIO_ReadInputDataBit   0x00af90    0x3  Code  Gb  stm8l15x_gpio.o [1]
GPIO_ResetBits          0x00af7e    0x4  Code  Gb  stm8l15x_gpio.o [1]
GPIO_SetBits            0x00af8a    0x3  Code  Gb  stm8l15x_gpio.o [1]
GPIO_ToggleBits         0x00af8d    0x3  Code  Gb  stm8l15x_gpio.o [1]
I2C1_IRQHandler         0x00afb6    0x1  Code  Gb  stm8l15x_it.o [1]
INTVEC$$Base            0x008000          --   Gb  - Linker created -
INTVEC$$Limit           0x008080          --   Gb  - Linker created -
LCD_IRQHandler          0x00afad    0x1  Code  Gb  stm8l15x_it.o [1]
LoadInt                 0x00a7d5   0x4b  Code  Lc  xprintflarge_nomb.o [4]
Measured_Range          0x009e50   0xc7  Code  Gb  main.o [1]
PWR_GetFlagStatus       0x00a9fe   0x2f  Code  Gb  stm8l15x_pwr.o [1]
PWR_PVDClearFlag        0x00af61    0x5  Code  Gb  stm8l15x_pwr.o [1]
PWR_PVDGetITStatus      0x00ab7c   0x27  Code  Gb  stm8l15x_pwr.o [1]
PaTabel                 0x00003e    0x8  Data  Gb  CC1101.o [1]
RF_SendPacket           0x009b61  0x11d  Code  Gb  main.o [1]
RTC_AWU_Initial         0x00a8e6   0x3c  Code  Gb  main.o [1]
RTC_ClearITPendingBit   0x00af0a    0xa  Code  Gb  stm8l15x_rtc.o [1]
RTC_DeInit              0x009c7e   0xee  Code  Gb  stm8l15x_rtc.o [1]
RTC_EnterInitMode       0x00a273   0x22  Code  Gb  stm8l15x_rtc.o [1]
RTC_IRQHandler          0x00ac38   0x23  Code  Gb  stm8l15x_it.o [1]
RTC_ITConfig            0x00a295   0x39  Code  Gb  stm8l15x_rtc.o [1]
RTC_SetWakeUpCounter    0x00aba3   0x26  Code  Gb  stm8l15x_rtc.o [1]
RTC_WaitForSynchro      0x00a24b   0x28  Code  Gb  stm8l15x_rtc.o [1]
RTC_WakeUpClockConfig   0x00aadc   0x28  Code  Gb  stm8l15x_rtc.o [1]
RTC_WakeUpCmd           0x00a73b   0x4f  Code  Gb  stm8l15x_rtc.o [1]
RTC_WriteProtectionCmd  0x00a23a   0x11  Code  Gb  stm8l15x_rtc.o [1]
RecvWaitTime            0x000052    0x2  Data  Gb  main.o [1]
Region$$Table$$Base     0x0080ae          --   Gb  - Linker created -
Region$$Table$$Limit    0x0080b9          --   Gb  - Linker created -
SClK_Initial            0x00af4a    0x6  Code  Gb  bsp.o [1]
SPI1_IRQHandler         0x00afb4    0x1  Code  Gb  stm8l15x_it.o [1]
SPI_Cmd                 0x00aeaf    0xd  Code  Gb  stm8l15x_spi.o [1]
SPI_DeInit              0x00ac5b   0x23  Code  Gb  stm8l15x_spi.o [1]
SPI_ExchangeByte        0x0098a8   0x28  Code  Gb  bsp.o [1]
SPI_GetFlagStatus       0x00ae15   0x15  Code  Gb  stm8l15x_spi.o [1]
SPI_Init                0x00a820   0x4a  Code  Gb  stm8l15x_spi.o [1]
SPI_Initial             0x0098f4   0x5d  Code  Gb  bsp.o [1]
SPI_ReceiveData         0x00af6b    0x5  Code  Gb  stm8l15x_spi.o [1]
SPI_SendData            0x00af66    0x5  Code  Gb  stm8l15x_spi.o [1]
SWITCH_CSS_BREAK_DAC_IRQHandler
                        0x00af00    0xa  Code  Gb  stm8l15x_it.o [1]
SYSDivFactor            0x0081b0    0x5  Data  Gb  stm8l15x_clk.o [1]
SendBuffer              0x000046    0x5  Data  Gb  main.o [1]
System_Initial          0x00ad23   0x20  Code  Gb  main.o [1]
TIM1_CAP_IRQHandler     0x00afb2    0x1  Code  Gb  stm8l15x_it.o [1]
TIM1_UPD_OVF_TRG_COM_IRQHandler
                        0x00afb1    0x1  Code  Gb  stm8l15x_it.o [1]
TIM2_CAP_IRQHandler     0x00afaf    0x1  Code  Gb  stm8l15x_it.o [1]
TIM2_ClearITPendingBit  0x00af70    0x5  Code  Gb  stm8l15x_tim2.o [1]
TIM2_Conut              0x000054    0x2  Data  Gb  stm8l15x_it.o [1]
TIM2_UPD_OVF_TRG_BRK_IRQHandler
                        0x00a5a0   0x54  Code  Gb  stm8l15x_it.o [1]
TIM3_1MS_ISR            0x00adbc   0x17  Code  Gb  main.o [1]
TIM3_ARRPreloadConfig   0x00a931    0xd  Code  Gb  stm8l15x_tim3.o [1]
TIM3_CAP_IRQHandler     0x00afb0    0x1  Code  Gb  stm8l15x_it.o [1]
TIM3_ClearITPendingBit  0x00af75    0x5  Code  Gb  stm8l15x_tim3.o [1]
TIM3_Cmd                0x00a951    0xd  Code  Gb  stm8l15x_tim3.o [1]
TIM3_DeInit             0x00a4d7   0x65  Code  Gb  stm8l15x_tim3.o [1]
TIM3_ITConfig           0x00a93e   0x13  Code  Gb  stm8l15x_tim3.o [1]
TIM3_Initial            0x0098d0   0x24  Code  Gb  bsp.o [1]
TIM3_Set                0x009883   0x25  Code  Gb  bsp.o [1]
TIM3_SetCounter         0x00a922    0xf  Code  Gb  stm8l15x_tim3.o [1]
TIM3_TimeBaseInit       0x00aab2   0x2a  Code  Gb  stm8l15x_tim3.o [1]
TIM3_UPD_OVF_TRG_BRK_IRQHandler
                        0x00acc1   0x21  Code  Gb  stm8l15x_it.o [1]
TIM4_UPD_OVF_TRG_IRQHandler
                        0x00afb3    0x1  Code  Gb  stm8l15x_it.o [1]
TRAP_IRQHandler         0x00af9f    0x1  Code  Gb  stm8l15x_it.o [1]
U1_Set                  0x00986f   0x14  Code  Gb  bsp.o [1]
USART1_Initial          0x0099b6   0x35  Code  Gb  bsp.o [1]
USART1_RX_IRQHandler    0x00a646   0x52  Code  Gb  stm8l15x_it.o [1]
USART1_TX_IRQHandler    0x00afb5    0x1  Code  Gb  stm8l15x_it.o [1]
USART_ClearITPendingBit
                        0x00ad43   0x20  Code  Gb  stm8l15x_usart.o [1]
USART_Cmd               0x00ace2   0x21  Code  Gb  stm8l15x_usart.o [1]
USART_GetFlagStatus     0x00ac7e   0x22  Code  Gb  stm8l15x_usart.o [1]
USART_GetITStatus       0x009fc5   0xab  Code  Gb  stm8l15x_usart.o [1]
USART_ITConfig          0x00a1a4   0x96  Code  Gb  stm8l15x_usart.o [1]
USART_Init              0x009d6c   0xe4  Code  Gb  stm8l15x_usart.o [1]
USART_ReceiveData8      0x00af93    0x3  Code  Gb  stm8l15x_usart.o [1]
USART_SendData8         0x00af96    0x3  Code  Gb  stm8l15x_usart.o [1]
_GenldLargeNoMb         0x008b53  0x3bc  Code  Lc  xprintflarge_nomb.o [4]
_LdtobLargeNoMb         0x008f0f  0x2ae  Code  Lc  xprintflarge_nomb.o [4]
_LitobLargeNoMb         0x0096f0  0x17f  Code  Lc  xprintflarge_nomb.o [4]
_Locale_lconv           0x000010   0x2e  Data  Gb  localeconv.o [4]
_PrintfLargeNoMb        0x00821f  0x4e7  Code  Gb  xprintflarge_nomb.o [4]
_Prout                  0x00ad9f   0x1d  Code  Gb  xprout.o [4]
_PutcharLargeNoMb       0x00aa2d   0x2e  Code  Lc  xprintflarge_nomb.o [4]
_PutcharsLargeNoMb      0x00a95e   0x3b  Code  Lc  xprintflarge_nomb.o [4]
__DebugBreak            0x00afb7    0x1  Code  Gb  __dbg_break.o [3]
__exit                  0x00adea   0x16  Code  Gb  __dbg_xxexit.o [3]
__iar_Dunscale          0x00a698         Code  Gb  float_libsup.o [4]
__iar_Memchr            0x00ae2a   0x15  Code  Gb  memchr.o [4]
__iar_Strchr            0x00ae3f   0x15  Code  Gb  strchr.o [4]
__iar_Tls_setup__Locale_lconv
                        0x00004b    0x3  Data  Gb  localeconv.o [4]
__iar_copy_init2        0x00ab54         Code  Gb  init_small.o [4]
__iar_data_init2        0x00ad63   0x1e  Code  Gb  init.o [4]
__iar_program_start     0x00add3         Code  Gb  cstartup.o [4]
__iar_unhandled_exception
                        0x00af9c         Code  Gb  unhandled_exception.o [4]
__intvec                0x008000         Data  Gb  interrupt.o [4]
__low_level_init        0x00af99    0x3  Code  Gb  low_level_init.o [4]
_exit                   0x00af56         Code  Gb  cexit.o [4]
_interrupt_1            0x00af9f         Code  Gb  stm8l15x_it.o [1]
_interrupt_10           0x00afa5         Code  Gb  stm8l15x_it.o [1]
_interrupt_11           0x00afa6         Code  Gb  stm8l15x_it.o [1]
_interrupt_12           0x00afa7         Code  Gb  stm8l15x_it.o [1]
_interrupt_13           0x00afa8         Code  Gb  stm8l15x_it.o [1]
_interrupt_14           0x00afa9         Code  Gb  stm8l15x_it.o [1]
_interrupt_15           0x00afaa         Code  Gb  stm8l15x_it.o [1]
_interrupt_16           0x00afab         Code  Gb  stm8l15x_it.o [1]
_interrupt_17           0x00afac         Code  Gb  stm8l15x_it.o [1]
_interrupt_18           0x00afad         Code  Gb  stm8l15x_it.o [1]
_interrupt_19           0x00af00         Code  Gb  stm8l15x_it.o [1]
_interrupt_20           0x00afae         Code  Gb  stm8l15x_it.o [1]
_interrupt_21           0x00a5a0         Code  Gb  stm8l15x_it.o [1]
_interrupt_22           0x00afaf         Code  Gb  stm8l15x_it.o [1]
_interrupt_23           0x00acc1         Code  Gb  stm8l15x_it.o [1]
_interrupt_24           0x00afb0         Code  Gb  stm8l15x_it.o [1]
_interrupt_25           0x00afb1         Code  Gb  stm8l15x_it.o [1]
_interrupt_26           0x00afb2         Code  Gb  stm8l15x_it.o [1]
_interrupt_27           0x00afb3         Code  Gb  stm8l15x_it.o [1]
_interrupt_28           0x00afb4         Code  Gb  stm8l15x_it.o [1]
_interrupt_29           0x00afb5         Code  Gb  stm8l15x_it.o [1]
_interrupt_3            0x00afa0         Code  Gb  stm8l15x_it.o [1]
_interrupt_30           0x00a646         Code  Gb  stm8l15x_it.o [1]
_interrupt_31           0x00afb6         Code  Gb  stm8l15x_it.o [1]
_interrupt_4            0x00afa1         Code  Gb  stm8l15x_it.o [1]
_interrupt_5            0x00afa2         Code  Gb  stm8l15x_it.o [1]
_interrupt_6            0x00ac38         Code  Gb  stm8l15x_it.o [1]
_interrupt_7            0x00a9cd         Code  Gb  stm8l15x_it.o [1]
_interrupt_8            0x00afa3         Code  Gb  stm8l15x_it.o [1]
_interrupt_9            0x00afa4         Code  Gb  stm8l15x_it.o [1]
distance                0x000058    0x1  Data  Gb  main.o [1]
div                     0x00a999   0x34  Code  Gb  div.o [4]
exit                    0x00af86    0x4  Code  Gb  exit.o [4]
localeconv              0x00ae86    0xe  Code  Gb  localeconv.o [4]
main                    0x0099eb  0x176  Code  Gb  main.o [1]
memcpy                  0x00abc9   0x26  Code  Gb  memcpy.o [4]
pad                     0x00a8a9   0x3d  Code  Lc  xprintflarge_nomb.o [4]
printf                  0x00ab04   0x28  Code  Gb  printf.o [4]
putchar                 0x00ac14   0x24  Code  Gb  main.o [1]
scale                   0x00a6ea   0x51  Code  Lc  xprintflarge_nomb.o [4]
strlen                  0x00ae54   0x12  Code  Gb  strlen.o [4]


[1] = E:\Github Project\STM8L151K4T6_Oil_Can_Drone\Debug\Obj
[2] = command line
[3] = dbgstm8mmd.a
[4] = dlstm8mmf.a

  11 673 bytes of readonly  code memory
     543 bytes of readonly  data memory
     345 bytes of readwrite data memory

Errors: none
Warnings: none
