###############################################################################
#
# IAR ELF Linker V2.10.4.157 for STM8                     15/Feb/2017  14:34:07
# Copyright 2010-2015 IAR Systems AB.
#
#    Output file  =  
#        E:\Github
#        Project\STM8L151K4T6_Oil_Can_Drone\Debug\Exe\XiangRui_STM8L15x_Library.out
#    Map file     =  
#        E:\Github
#        Project\STM8L151K4T6_Oil_Can_Drone\Debug\List\XiangRui_STM8L15x_Library.map
#    Command line =  
#        "E:\Github Project\STM8L151K4T6_Oil_Can_Drone\Debug\Obj\bsp.o"
#        "E:\Github Project\STM8L151K4T6_Oil_Can_Drone\Debug\Obj\CC1101.o"
#        "E:\Github Project\STM8L151K4T6_Oil_Can_Drone\Debug\Obj\main.o"
#        "E:\Github
#        Project\STM8L151K4T6_Oil_Can_Drone\Debug\Obj\stm8l15x_adc.o"
#        "E:\Github
#        Project\STM8L151K4T6_Oil_Can_Drone\Debug\Obj\stm8l15x_aes.o"
#        "E:\Github
#        Project\STM8L151K4T6_Oil_Can_Drone\Debug\Obj\stm8l15x_beep.o"
#        "E:\Github
#        Project\STM8L151K4T6_Oil_Can_Drone\Debug\Obj\stm8l15x_clk.o"
#        "E:\Github
#        Project\STM8L151K4T6_Oil_Can_Drone\Debug\Obj\stm8l15x_comp.o"
#        "E:\Github
#        Project\STM8L151K4T6_Oil_Can_Drone\Debug\Obj\stm8l15x_dac.o"
#        "E:\Github
#        Project\STM8L151K4T6_Oil_Can_Drone\Debug\Obj\stm8l15x_dma.o"
#        "E:\Github
#        Project\STM8L151K4T6_Oil_Can_Drone\Debug\Obj\stm8l15x_exti.o"
#        "E:\Github
#        Project\STM8L151K4T6_Oil_Can_Drone\Debug\Obj\stm8l15x_flash.o"
#        "E:\Github
#        Project\STM8L151K4T6_Oil_Can_Drone\Debug\Obj\stm8l15x_gpio.o"
#        "E:\Github
#        Project\STM8L151K4T6_Oil_Can_Drone\Debug\Obj\stm8l15x_i2c.o"
#        "E:\Github
#        Project\STM8L151K4T6_Oil_Can_Drone\Debug\Obj\stm8l15x_irtim.o"
#        "E:\Github Project\STM8L151K4T6_Oil_Can_Drone\Debug\Obj\stm8l15x_it.o"
#        "E:\Github
#        Project\STM8L151K4T6_Oil_Can_Drone\Debug\Obj\stm8l15x_itc.o"
#        "E:\Github
#        Project\STM8L151K4T6_Oil_Can_Drone\Debug\Obj\stm8l15x_iwdg.o"
#        "E:\Github
#        Project\STM8L151K4T6_Oil_Can_Drone\Debug\Obj\stm8l15x_lcd.o"
#        "E:\Github
#        Project\STM8L151K4T6_Oil_Can_Drone\Debug\Obj\stm8l15x_pwr.o"
#        "E:\Github
#        Project\STM8L151K4T6_Oil_Can_Drone\Debug\Obj\stm8l15x_rst.o"
#        "E:\Github
#        Project\STM8L151K4T6_Oil_Can_Drone\Debug\Obj\stm8l15x_rtc.o"
#        "E:\Github
#        Project\STM8L151K4T6_Oil_Can_Drone\Debug\Obj\stm8l15x_spi.o"
#        "E:\Github
#        Project\STM8L151K4T6_Oil_Can_Drone\Debug\Obj\stm8l15x_syscfg.o"
#        "E:\Github
#        Project\STM8L151K4T6_Oil_Can_Drone\Debug\Obj\stm8l15x_tim1.o"
#        "E:\Github
#        Project\STM8L151K4T6_Oil_Can_Drone\Debug\Obj\stm8l15x_tim2.o"
#        "E:\Github
#        Project\STM8L151K4T6_Oil_Can_Drone\Debug\Obj\stm8l15x_tim3.o"
#        "E:\Github
#        Project\STM8L151K4T6_Oil_Can_Drone\Debug\Obj\stm8l15x_tim4.o"
#        "E:\Github
#        Project\STM8L151K4T6_Oil_Can_Drone\Debug\Obj\stm8l15x_tim5.o"
#        "E:\Github
#        Project\STM8L151K4T6_Oil_Can_Drone\Debug\Obj\stm8l15x_usart.o"
#        "E:\Github
#        Project\STM8L151K4T6_Oil_Can_Drone\Debug\Obj\stm8l15x_wfe.o"
#        "E:\Github
#        Project\STM8L151K4T6_Oil_Can_Drone\Debug\Obj\stm8l15x_wwdg.o" -o
#        "E:\Github
#        Project\STM8L151K4T6_Oil_Can_Drone\Debug\Exe\XiangRui_STM8L15x_Library.out"
#        --map "E:\Github
#        Project\STM8L151K4T6_Oil_Can_Drone\Debug\List\XiangRui_STM8L15x_Library.map"
#        --config "E:\My Program\IAR_STM8-7.0\stm8\config\lnkstm8l151k4.icf"
#        --config_def _CSTACK_SIZE=0x100 --config_def _HEAP_SIZE=0x100 --entry
#        __iar_program_start --debug_lib
#
###############################################################################

*******************************************************************************
*** RUNTIME MODEL ATTRIBUTES
***

__Heap_Handler             = Basic
__SystemLibrary            = DLib
__code_model               = medium_or_large
__core                     = stm8
__data_model               = medium
__dlib_file_descriptor     = 1
__dlib_full_locale_support = 1
__rt_version               = 4


*******************************************************************************
*** PLACEMENT SUMMARY
***

"A1":  place at start of [0x000000-0x0000ff] { rw section .vregs };
"A2":  place at end of [0x000000-0x0007ff] { block CSTACK };
"P2":  place in [from 0x000000 to 0x0007ff] {
          block HEAP, rw section __DLIB_PERTHREAD, rw section .far.bss,
          rw section .far.data, rw section .far.noinit,
          rw section .far_func.textrw, rw section .huge.bss,
          rw section .huge.data, rw section .huge.noinit,
          rw section .huge_func.textrw, rw section .iar.dynexit,
          rw section .near.bss, rw section .near.data, rw section .near.noinit,
          rw section .near_func.textrw };
"A3":  place at start of [0x008000-0x00bfff] { block INTVEC };
"P3":  place in [from 0x008000 to 0x00bfff] {
          ro section __DLIB_PERTHREAD_init, ro section .far.data_init,
          ro section .far_func.textrw_init, ro section .huge.data_init,
          ro section .huge_func.textrw_init, ro section .iar.init_table,
          ro section .init_array, ro section .near.data_init,
          ro section .near.rodata, ro section .near_func.text,
          ro section .near_func.textrw_init, ro section .tiny.data_init,
          ro section .tiny.rodata_init };
"P4":  place in [from 0x008000 to 0x00bfff] {
          ro section .far.rodata, ro section .far_func.text };

  Section            Kind      Address    Size  Object
  -------            ----      -------    ----  ------
"A1":                                     0x10
  .vregs             uninit   0x000000    0x10  vregs.o [4]
                            - 0x000010    0x10

"P2":                                     0x16
  P2 s0                       0x000010    0x16  <Init block>
    .near.data       inited   0x000010     0x8  CC1101.o [1]
    .near.data       inited   0x000018     0x6  main.o [1]
    .near.bss        inited   0x00001e     0x2  main.o [1]
    .near.bss        inited   0x000020     0x2  main.o [1]
    .near.bss        inited   0x000022     0x2  main.o [1]
    .near.bss        inited   0x000024     0x1  CC1101.o [1]
    .near.bss        inited   0x000025     0x1  main.o [1]
                            - 0x000026    0x16

"A2":                                    0x100
  CSTACK                      0x000700   0x100  <Block>
    CSTACK           uninit   0x000700   0x100  <Block tail>
                            - 0x000800   0x100

"A3":                                     0x80
  INTVEC                      0x008000    0x80  <Block>
    .intvec          const    0x008000    0x80  interrupt.o [4]
                            - 0x008080    0x80

"P3":                                    0x13c
  .near.rodata       const    0x008080    0x23  CC1101.o [1]
  .iar.init_table    const    0x0080a3     0xb  - Linker created -
  .near.rodata       const    0x0080ae    0x19  main.o [1]
  .near.rodata       const    0x0080c7    0x17  main.o [1]
  .near.rodata       const    0x0080de    0x17  main.o [1]
  .near.rodata       const    0x0080f5    0x16  main.o [1]
  .near.rodata       const    0x00810b    0x15  CC1101.o [1]
  .near.rodata       const    0x008120    0x15  main.o [1]
  .near.rodata       const    0x008135    0x13  CC1101.o [1]
  .near.rodata       const    0x008148    0x12  main.o [1]
  .near.rodata       const    0x00815a    0x12  main.o [1]
  .near.rodata       const    0x00816c    0x11  main.o [1]
  .near.rodata       const    0x00817d     0xf  main.o [1]
  .near.rodata       const    0x00818c     0xa  main.o [1]
  .near.rodata       const    0x008196     0x5  stm8l15x_clk.o [1]
  .near.rodata       const    0x00819b     0x4  main.o [1]
  .near.rodata       const    0x00819f     0x3  main.o [1]
  .near.rodata       const    0x0081a2     0x2  xprintftiny.o [4]
  .near.rodata       const    0x0081a4     0x2  xprintftiny.o [4]
  Initializer bytes  const    0x0081a6    0x16  <for P2 s0>
                            - 0x0081bc   0x13c

"P4":                                   0x1e5a
  .far_func.text     ro code  0x0081bc   0x56d  CC1101.o [1]
  .far_func.text     ro code  0x008729   0x22e  main.o [1]
  .far_func.text     ro code  0x008957   0x20c  float.o [4]
  .far_func.text     ro code  0x008b63   0x191  xprintftiny.o [4]
  .far_func.text     ro code  0x008cf4   0x189  bsp.o [1]
  .far_func.text     ro code  0x008e7d   0x14a  vreg_util.o [4]
  .far_func.text     ro code  0x008fc7   0x11d  main.o [1]
  .far_func.text     ro code  0x0090e4    0xee  stm8l15x_rtc.o [1]
  .far_func.text     ro code  0x0091d2    0xe4  stm8l15x_usart.o [1]
  .far_func.text     ro code  0x0092b6    0xd7  main.o [1]
  .far_func.text     ro code  0x00938d    0xae  stm8l15x_gpio.o [1]
  .far_func.text     ro code  0x00943b    0xab  stm8l15x_usart.o [1]
  .far_func.text     ro code  0x0094e6    0x9a  main.o [1]
  .far_func.text     ro code  0x009580    0x96  stm8l15x_usart.o [1]
  .far_func.text     ro code  0x009616    0x94  stm8l15x_rtc.o [1]
  .far_func.text     ro code  0x0096aa    0x8f  stm8l15x_clk.o [1]
  .far_func.text     ro code  0x009739    0x7e  stm8l15x_clk.o [1]
  .far_func.text     ro code  0x0097b7    0x6d  long.o [4]
  .far_func.text     ro code  0x009824    0x65  stm8l15x_tim3.o [1]
  .far_func.text     ro code  0x009889    0x5e  main.o [1]
  .far_func.text     ro code  0x0098e7    0x52  stm8l15x_it.o [1]
  .far_func.text     ro code  0x009939    0x4f  stm8l15x_rtc.o [1]
  .far_func.text     ro code  0x009988    0x4c  bsp.o [1]
  .far_func.text     ro code  0x0099d4    0x4b  stm8l15x_adc.o [1]
  .far_func.text     ro code  0x009a1f    0x4a  stm8l15x_spi.o [1]
  .far_func.text     ro code  0x009a69    0x3c  main.o [1]
  .far_func.text     ro code  0x009aa5    0x3c  stm8l15x_tim3.o [1]
  .far_func.text     ro code  0x009ae1    0x37  xprintftiny.o [4]
  .far_func.text     ro code  0x009b18    0x31  stm8l15x_it.o [1]
  .far_func.text     ro code  0x009b49    0x2f  stm8l15x_pwr.o [1]
  .far_func.text     ro code  0x009b78    0x2c  dc_util.o [4]
  .far_func.text     ro code  0x009ba4    0x2b  stm8l15x_adc.o [1]
  .far_func.text     ro code  0x009bcf    0x2a  stm8l15x_tim3.o [1]
  .far_func.text     ro code  0x009bf9    0x29  main.o [1]
  .far_func.text     ro code  0x009c22    0x28  stm8l15x_rtc.o [1]
  .far_func.text     ro code  0x009c4a    0x28  printf.o [4]
  .far_func.text     ro code  0x009c72    0x28  init_small.o [4]
  .far_func.text     ro code  0x009c9a    0x27  stm8l15x_pwr.o [1]
  .far_func.text     ro code  0x009cc1    0x26  stm8l15x_rtc.o [1]
  .far_func.text     ro code  0x009ce7    0x25  stm8l15x_adc.o [1]
  .far_func.text     ro code  0x009d0c    0x24  main.o [1]
  .far_func.text     ro code  0x009d30    0x23  stm8l15x_it.o [1]
  .far_func.text     ro code  0x009d53    0x23  stm8l15x_spi.o [1]
  .far_func.text     ro code  0x009d76    0x22  stm8l15x_usart.o [1]
  .far_func.text     ro code  0x009d98    0x21  main.o [1]
  .far_func.text     ro code  0x009db9    0x21  stm8l15x_it.o [1]
  .far_func.text     ro code  0x009dda    0x21  stm8l15x_usart.o [1]
  .far_func.text     ro code  0x009dfb    0x20  main.o [1]
  .far_func.text     ro code  0x009e1b    0x20  stm8l15x_usart.o [1]
  .far_func.text     ro code  0x009e3b    0x1e  init.o [4]
  .far_func.text     ro code  0x009e59    0x1d  xprout.o [4]
  .far_func.text     ro code  0x009e76    0x18  long_util.o [4]
  .far_func.text     ro code  0x009e8e    0x17  main.o [1]
  .far_func.text     ro code  0x009ea5    0x17  cstartup.o [4]
  .far_func.text     ro code  0x009ebc    0x16  __dbg_xxexit.o [3]
  .far_func.text     ro code  0x009ed2    0x15  stm8l15x_adc.o [1]
  .far_func.text     ro code  0x009ee7    0x15  stm8l15x_spi.o [1]
  .far_func.text     ro code  0x009efc    0x14  main.o [1]
  .far_func.text     ro code  0x009f10    0x12  main.o [1]
  .far_func.text     ro code  0x009f22    0x12  strlen.o [4]
  .far_func.text     ro code  0x009f34     0xf  CC1101.o [1]
  .far_func.text     ro code  0x009f43     0xe  far_util.o [4]
  .far_func.text     ro code  0x009f51     0xd  stm8l15x_adc.o [1]
  .far_func.text     ro code  0x009f5e     0xd  stm8l15x_spi.o [1]
  .far_func.text     ro code  0x009f6b     0xd  move.o [4]
  .far_func.text     ro code  0x009f78     0xa  stm8l15x_clk.o [1]
  .far_func.text     ro code  0x009f82     0xa  stm8l15x_it.o [1]
  .far_func.text     ro code  0x009f8c     0xa  stm8l15x_rtc.o [1]
  .far_func.text     ro code  0x009f96     0x8  short.o [4]
  .far_func.text     ro code  0x009f9e     0x6  bsp.o [1]
  .far_func.text     ro code  0x009fa4     0x6  stm8l15x_adc.o [1]
  .far_func.text     ro code  0x009faa     0x6  cexit.o [4]
  .far_func.text     ro code  0x009fb0     0x5  stm8l15x_adc.o [1]
  .far_func.text     ro code  0x009fb5     0x5  stm8l15x_iwdg.o [1]
  .far_func.text     ro code  0x009fba     0x5  stm8l15x_pwr.o [1]
  .far_func.text     ro code  0x009fbf     0x5  stm8l15x_spi.o [1]
  .far_func.text     ro code  0x009fc4     0x5  stm8l15x_spi.o [1]
  .far_func.text     ro code  0x009fc9     0x5  stm8l15x_tim3.o [1]
  .far_func.text     ro code  0x009fce     0x4  stm8l15x_clk.o [1]
  .far_func.text     ro code  0x009fd2     0x4  stm8l15x_gpio.o [1]
  .far_func.text     ro code  0x009fd6     0x4  stm8l15x_iwdg.o [1]
  .far_func.text     ro code  0x009fda     0x4  stm8l15x_iwdg.o [1]
  .far_func.text     ro code  0x009fde     0x4  stm8l15x_iwdg.o [1]
  .far_func.text     ro code  0x009fe2     0x4  interrupt.o [4]
  .far_func.text     ro code  0x009fe6     0x4  exit.o [4]
  .far_func.text     ro code  0x009fea     0x3  stm8l15x_gpio.o [1]
  .far_func.text     ro code  0x009fed     0x3  stm8l15x_gpio.o [1]
  .far_func.text     ro code  0x009ff0     0x3  stm8l15x_usart.o [1]
  .far_func.text     ro code  0x009ff3     0x3  stm8l15x_usart.o [1]
  .far_func.text     ro code  0x009ff6     0x3  low_level_init.o [4]
  .far_func.text     ro code  0x009ff9     0x3  unhandled_exception.o [4]
  .far_func.text     ro code  0x009ffc     0x1  stm8l15x_it.o [1]
  .far_func.text     ro code  0x009ffd     0x1  stm8l15x_it.o [1]
  .far_func.text     ro code  0x009ffe     0x1  stm8l15x_it.o [1]
  .far_func.text     ro code  0x009fff     0x1  stm8l15x_it.o [1]
  .far_func.text     ro code  0x00a000     0x1  stm8l15x_it.o [1]
  .far_func.text     ro code  0x00a001     0x1  stm8l15x_it.o [1]
  .far_func.text     ro code  0x00a002     0x1  stm8l15x_it.o [1]
  .far_func.text     ro code  0x00a003     0x1  stm8l15x_it.o [1]
  .far_func.text     ro code  0x00a004     0x1  stm8l15x_it.o [1]
  .far_func.text     ro code  0x00a005     0x1  stm8l15x_it.o [1]
  .far_func.text     ro code  0x00a006     0x1  stm8l15x_it.o [1]
  .far_func.text     ro code  0x00a007     0x1  stm8l15x_it.o [1]
  .far_func.text     ro code  0x00a008     0x1  stm8l15x_it.o [1]
  .far_func.text     ro code  0x00a009     0x1  stm8l15x_it.o [1]
  .far_func.text     ro code  0x00a00a     0x1  stm8l15x_it.o [1]
  .far_func.text     ro code  0x00a00b     0x1  stm8l15x_it.o [1]
  .far_func.text     ro code  0x00a00c     0x1  stm8l15x_it.o [1]
  .far_func.text     ro code  0x00a00d     0x1  stm8l15x_it.o [1]
  .far_func.text     ro code  0x00a00e     0x1  stm8l15x_it.o [1]
  .far_func.text     ro code  0x00a00f     0x1  stm8l15x_it.o [1]
  .far_func.text     ro code  0x00a010     0x1  stm8l15x_it.o [1]
  .far_func.text     ro code  0x00a011     0x1  stm8l15x_it.o [1]
  .far_func.text     ro code  0x00a012     0x1  stm8l15x_it.o [1]
  .far_func.text     ro code  0x00a013     0x1  stm8l15x_it.o [1]
  .far_func.text     ro code  0x00a014     0x1  stm8l15x_it.o [1]
  .far_func.text     ro code  0x00a015     0x1  __dbg_break.o [3]
                            - 0x00a016  0x1e5a


*******************************************************************************
*** INIT TABLE
***

          Address   Size
          -------   ----
Copy (__iar_copy_init2)
    1 source range, total size 0x16:
          0x0081a6  0x16
    1 destination range, total size 0x16:
          0x000010  0x16



*******************************************************************************
*** MODULE SUMMARY
***

    Module                 ro code  ro data  rw data
    ------                 -------  -------  -------
E:\Github Project\STM8L151K4T6_Oil_Can_Drone\Debug\Obj: [1]
    CC1101.o                 1 404       84        9
    bsp.o                      475
    main.o                   1 569      212       13
    stm8l15x_adc.o             200
    stm8l15x_clk.o             283        5
    stm8l15x_gpio.o            184
    stm8l15x_it.o              234
    stm8l15x_iwdg.o             17
    stm8l15x_pwr.o              91
    stm8l15x_rtc.o             553
    stm8l15x_spi.o             153
    stm8l15x_tim3.o            208
    stm8l15x_usart.o           654
    ------------------------------------------------
    Total:                   6 025      301       22

command line: [2]
    ------------------------------------------------
    Total:

dbgstm8mmd.a: [3]
    __dbg_break.o                1
    __dbg_xxexit.o              22
    ------------------------------------------------
    Total:                      23

dlstm8mmf.a: [4]
    cexit.o                      6
    cstartup.o                  23
    dc_util.o                   44
    exit.o                       4
    far_util.o                  14
    float.o                    524
    init.o                      30
    init_small.o                40
    interrupt.o                  4      128
    long.o                     109
    long_util.o                 24
    low_level_init.o             3
    move.o                      13
    printf.o                    40
    short.o                      8
    strlen.o                    18
    unhandled_exception.o        3
    vreg_util.o                330
    vregs.o                                       16
    xprintftiny.o              456        4
    xprout.o                    29
    ------------------------------------------------
    Total:                   1 722      132       16

    Linker created                       11      256
----------------------------------------------------
    Grand Total:             7 770      444      294


*******************************************************************************
*** ENTRY LIST
***

Entry                    Address   Size  Type      Object
-----                    -------   ----  ----      ------
.iar.init_table$$Base   0x0080a3          --   Gb  - Linker created -
.iar.init_table$$Limit  0x0080ae          --   Gb  - Linker created -
?b0                     0x000000         Data  Gb  vregs.o [4]
?b1                     0x000001         Data  Gb  vregs.o [4]
?b10                    0x00000a         Data  Gb  vregs.o [4]
?b11                    0x00000b         Data  Gb  vregs.o [4]
?b12                    0x00000c         Data  Gb  vregs.o [4]
?b13                    0x00000d         Data  Gb  vregs.o [4]
?b14                    0x00000e         Data  Gb  vregs.o [4]
?b15                    0x00000f         Data  Gb  vregs.o [4]
?b2                     0x000002         Data  Gb  vregs.o [4]
?b3                     0x000003         Data  Gb  vregs.o [4]
?b4                     0x000004         Data  Gb  vregs.o [4]
?b5                     0x000005         Data  Gb  vregs.o [4]
?b6                     0x000006         Data  Gb  vregs.o [4]
?b7                     0x000007         Data  Gb  vregs.o [4]
?b8                     0x000008         Data  Gb  vregs.o [4]
?b9                     0x000009         Data  Gb  vregs.o [4]
?dc32_l1                0x009b78         Code  Gb  dc_util.o [4]
?e0                     0x000001         Data  Gb  vregs.o [4]
?e1                     0x000005         Data  Gb  vregs.o [4]
?e2                     0x000009         Data  Gb  vregs.o [4]
?e3                     0x00000d         Data  Gb  vregs.o [4]
?epilogue_l2            0x008f68         Code  Gb  vreg_util.o [4]
?epilogue_l2_l3         0x008f64         Code  Gb  vreg_util.o [4]
?epilogue_l2_w6         0x008f6d         Code  Gb  vreg_util.o [4]
?epilogue_w4            0x008f76         Code  Gb  vreg_util.o [4]
?fcastf32u16_l0_x       0x008a22         Code  Gb  float.o [4]
?fcasts16f32_x_l0       0x008a40         Code  Gb  float.o [4]
?fdiv32_l0_l0_dc32      0x00896e         Code  Gb  float.o [4]
?fdiv32_l0_l0_l1        0x008974         Code  Gb  float.o [4]
?l0                     0x000000         Data  Gb  vregs.o [4]
?l1                     0x000004         Data  Gb  vregs.o [4]
?l2                     0x000008         Data  Gb  vregs.o [4]
?l3                     0x00000c         Data  Gb  vregs.o [4]
?load24_e1_0x           0x009f43         Code  Gb  far_util.o [4]
?load32_0x_l0           0x009e80         Code  Gb  long_util.o [4]
?load32_xsp_l0          0x009e76         Code  Gb  long_util.o [4]
?mov_e0_e1              0x008f8c         Code  Gb  vreg_util.o [4]
?mov_e0_e2              0x008f99         Code  Gb  vreg_util.o [4]
?mov_e1_e3              0x008fa6         Code  Gb  vreg_util.o [4]
?mov_e2_e0              0x008fb0         Code  Gb  vreg_util.o [4]
?mov_e3_e0              0x008fbd         Code  Gb  vreg_util.o [4]
?mov_l0_l1              0x008f89         Code  Gb  vreg_util.o [4]
?mov_l0_l2              0x008f96         Code  Gb  vreg_util.o [4]
?mov_l1_l3              0x008fa3         Code  Gb  vreg_util.o [4]
?mov_l3_l0              0x008fba         Code  Gb  vreg_util.o [4]
?mov_w0_w2              0x008f7b         Code  Gb  vreg_util.o [4]
?mov_w1_w3              0x008f8f         Code  Gb  vreg_util.o [4]
?mov_w1_w5              0x008f9c         Code  Gb  vreg_util.o [4]
?mov_w3_w0              0x008f82         Code  Gb  vreg_util.o [4]
?mov_w3_w7              0x008fa9         Code  Gb  vreg_util.o [4]
?mov_w5_w1              0x008fb3         Code  Gb  vreg_util.o [4]
?mov_w7_w1              0x008fc0         Code  Gb  vreg_util.o [4]
?move1616_v_x_y_a       0x009f6b         Code  Gb  move.o [4]
?pop_e2                 0x008ed9         Code  Gb  vreg_util.o [4]
?pop_l0                 0x008f2c         Code  Gb  vreg_util.o [4]
?pop_l1                 0x008f37         Code  Gb  vreg_util.o [4]
?pop_l2                 0x008f42         Code  Gb  vreg_util.o [4]
?pop_l3                 0x008f4d         Code  Gb  vreg_util.o [4]
?pop_w4                 0x008ea3         Code  Gb  vreg_util.o [4]
?pop_w6                 0x008eaa         Code  Gb  vreg_util.o [4]
?push_e2                0x008ebd         Code  Gb  vreg_util.o [4]
?push_l0                0x008ef7         Code  Gb  vreg_util.o [4]
?push_l1                0x008efc         Code  Gb  vreg_util.o [4]
?push_l2                0x008f01         Code  Gb  vreg_util.o [4]
?push_l3                0x008f06         Code  Gb  vreg_util.o [4]
?push_w2                0x008e7d         Code  Gb  vreg_util.o [4]
?push_w4                0x008e82         Code  Gb  vreg_util.o [4]
?push_w6                0x008e87         Code  Gb  vreg_util.o [4]
?sll16_x_x_a            0x009f96         Code  Gb  short.o [4]
?udiv32_l0_l0_l1        0x0097b7         Code  Gb  long.o [4]
?umod32_l1_l0_l1        0x0097b7         Code  Gb  long.o [4]
?w0                     0x000000         Data  Gb  vregs.o [4]
?w1                     0x000002         Data  Gb  vregs.o [4]
?w2                     0x000004         Data  Gb  vregs.o [4]
?w3                     0x000006         Data  Gb  vregs.o [4]
?w4                     0x000008         Data  Gb  vregs.o [4]
?w5                     0x00000a         Data  Gb  vregs.o [4]
?w6                     0x00000c         Data  Gb  vregs.o [4]
?w7                     0x00000e         Data  Gb  vregs.o [4]
ADC1_COMP_IRQHandler    0x00a00b    0x1  Code  Gb  stm8l15x_it.o [1]
ADC_ChannelCmd          0x0099d4   0x4b  Code  Gb  stm8l15x_adc.o [1]
ADC_ClearFlag           0x009fa4    0x6  Code  Gb  stm8l15x_adc.o [1]
ADC_Cmd                 0x009f51    0xd  Code  Gb  stm8l15x_adc.o [1]
ADC_Data_Read           0x008de3   0x24  Code  Gb  bsp.o [1]
ADC_GetConversionValue  0x009ba4   0x2b  Code  Gb  stm8l15x_adc.o [1]
ADC_GetFlagStatus       0x009ed2   0x15  Code  Gb  stm8l15x_adc.o [1]
ADC_Init                0x009ce7   0x25  Code  Gb  stm8l15x_adc.o [1]
ADC_Initial             0x008e07   0x41  Code  Gb  bsp.o [1]
ADC_SoftwareStartConv   0x009fb0    0x5  Code  Gb  stm8l15x_adc.o [1]
BubbleSort              0x009889   0x5e  Code  Gb  main.o [1]
CC1101ClrRXBuff         0x00851f    0xa  Code  Gb  CC1101.o [1]
CC1101ClrTXBuff         0x008529    0xa  Code  Gb  CC1101.o [1]
CC1101GetRXCnt          0x008479    0x9  Code  Gb  CC1101.o [1]
CC1101Init              0x00833c   0x54  Code  Gb  CC1101.o [1]
CC1101ReadMultiReg      0x008688   0x67  Code  Gb  CC1101.o [1]
CC1101ReadReg           0x0086ef   0x3a  Code  Gb  CC1101.o [1]
CC1101ReadStatus        0x00864e   0x3a  Code  Gb  CC1101.o [1]
CC1101RecPacket         0x008390   0x76  Code  Gb  CC1101.o [1]
CC1101Reset             0x008539   0x33  Code  Gb  CC1101.o [1]
CC1101SendPacket        0x008482   0x9d  Code  Gb  CC1101.o [1]
CC1101SetAddress        0x008427   0x52  Code  Gb  CC1101.o [1]
CC1101SetIdle           0x008533    0x6  Code  Gb  CC1101.o [1]
CC1101SetLowPower       0x009f34    0xf  Code  Gb  CC1101.o [1]
CC1101SetSYNC           0x008406   0x21  Code  Gb  CC1101.o [1]
CC1101SetTRMode         0x008626   0x28  Code  Gb  CC1101.o [1]
CC1101WriteCmd          0x00856c   0x2e  Code  Gb  CC1101.o [1]
CC1101WriteMultiReg     0x00859a   0x54  Code  Gb  CC1101.o [1]
CC1101WriteReg          0x0085ee   0x38  Code  Gb  CC1101.o [1]
CC1101_Settings         0x0081bc  0x180  Code  Gb  CC1101.o [1]
CLK_GetClockFreq        0x009739   0x7e  Code  Gb  stm8l15x_clk.o [1]
CLK_PeripheralClockConfig
                        0x0096aa   0x8f  Code  Gb  stm8l15x_clk.o [1]
CLK_RTCClockConfig      0x009f78    0xa  Code  Gb  stm8l15x_clk.o [1]
CLK_SYSCLKDivConfig     0x009fce    0x4  Code  Gb  stm8l15x_clk.o [1]
CSB_Initial             0x008d08    0xd  Code  Gb  bsp.o [1]
CSTACK$$Base            0x000700          --   Gb  - Linker created -
CSTACK$$Limit           0x000800          --   Gb  - Linker created -
Cnt1ms                  0x000020    0x2  Data  Gb  main.o [1]
DMA1_CHANNEL0_1_IRQHandler
                        0x009ffe    0x1  Code  Gb  stm8l15x_it.o [1]
DMA1_CHANNEL2_3_IRQHandler
                        0x009fff    0x1  Code  Gb  stm8l15x_it.o [1]
DelayMs                 0x009dfb   0x20  Code  Gb  main.o [1]
Dis_Index               0x000025    0x1  Data  Gb  main.o [1]
Distance                0x00001e    0x2  Data  Gb  main.o [1]
EXTI0_IRQHandler        0x00a002    0x1  Code  Gb  stm8l15x_it.o [1]
EXTI1_IRQHandler        0x00a003    0x1  Code  Gb  stm8l15x_it.o [1]
EXTI2_IRQHandler        0x00a004    0x1  Code  Gb  stm8l15x_it.o [1]
EXTI3_IRQHandler        0x00a005    0x1  Code  Gb  stm8l15x_it.o [1]
EXTI4_IRQHandler        0x00a006    0x1  Code  Gb  stm8l15x_it.o [1]
EXTI5_IRQHandler        0x00a007    0x1  Code  Gb  stm8l15x_it.o [1]
EXTI6_IRQHandler        0x00a008    0x1  Code  Gb  stm8l15x_it.o [1]
EXTI7_IRQHandler        0x00a009    0x1  Code  Gb  stm8l15x_it.o [1]
EXTIB_IRQHandler        0x00a000    0x1  Code  Gb  stm8l15x_it.o [1]
EXTID_IRQHandler        0x00a001    0x1  Code  Gb  stm8l15x_it.o [1]
EXTIE_F_PVD_IRQHandler  0x009b18   0x31  Code  Gb  stm8l15x_it.o [1]
FLASH_IRQHandler        0x009ffd    0x1  Code  Gb  stm8l15x_it.o [1]
GPIO_Init               0x00938d   0xae  Code  Gb  stm8l15x_gpio.o [1]
GPIO_Initial            0x009988   0x4c  Code  Gb  bsp.o [1]
GPIO_ReadInputDataBit   0x009fed    0x3  Code  Gb  stm8l15x_gpio.o [1]
GPIO_ResetBits          0x009fd2    0x4  Code  Gb  stm8l15x_gpio.o [1]
GPIO_SetBits            0x009fea    0x3  Code  Gb  stm8l15x_gpio.o [1]
I2C1_IRQHandler         0x00a014    0x1  Code  Gb  stm8l15x_it.o [1]
INTVEC$$Base            0x008000          --   Gb  - Linker created -
INTVEC$$Limit           0x008080          --   Gb  - Linker created -
IWDG_Enable             0x009fb5    0x5  Code  Gb  stm8l15x_iwdg.o [1]
IWDG_Init               0x009efc   0x14  Code  Gb  main.o [1]
IWDG_SetPrescaler       0x009fda    0x4  Code  Gb  stm8l15x_iwdg.o [1]
IWDG_SetReload          0x009fde    0x4  Code  Gb  stm8l15x_iwdg.o [1]
IWDG_WriteAccessCmd     0x009fd6    0x4  Code  Gb  stm8l15x_iwdg.o [1]
LCD_IRQHandler          0x00a00a    0x1  Code  Gb  stm8l15x_it.o [1]
Measured_Range          0x0092b6   0xd7  Code  Gb  main.o [1]
PWR_GetFlagStatus       0x009b49   0x2f  Code  Gb  stm8l15x_pwr.o [1]
PWR_PVDClearFlag        0x009fba    0x5  Code  Gb  stm8l15x_pwr.o [1]
PWR_PVDGetITStatus      0x009c9a   0x27  Code  Gb  stm8l15x_pwr.o [1]
PaTabel                 0x000010    0x8  Data  Gb  CC1101.o [1]
RF_SendPacket           0x008fc7  0x11d  Code  Gb  main.o [1]
RTC_AWU_Initial         0x009a69   0x3c  Code  Gb  main.o [1]
RTC_ClearITPendingBit   0x009f8c    0xa  Code  Gb  stm8l15x_rtc.o [1]
RTC_DeInit              0x0090e4   0xee  Code  Gb  stm8l15x_rtc.o [1]
RTC_EnterInitMode       0x00964f   0x22  Code  Gb  stm8l15x_rtc.o [1]
RTC_IRQHandler          0x009d30   0x23  Code  Gb  stm8l15x_it.o [1]
RTC_ITConfig            0x009671   0x39  Code  Gb  stm8l15x_rtc.o [1]
RTC_SetWakeUpCounter    0x009cc1   0x26  Code  Gb  stm8l15x_rtc.o [1]
RTC_WaitForSynchro      0x009627   0x28  Code  Gb  stm8l15x_rtc.o [1]
RTC_WakeUpClockConfig   0x009c22   0x28  Code  Gb  stm8l15x_rtc.o [1]
RTC_WakeUpCmd           0x009939   0x4f  Code  Gb  stm8l15x_rtc.o [1]
RTC_WriteProtectionCmd  0x009616   0x11  Code  Gb  stm8l15x_rtc.o [1]
RecvWaitTime            0x000022    0x2  Data  Gb  main.o [1]
Region$$Table$$Base     0x0080a3          --   Gb  - Linker created -
Region$$Table$$Limit    0x0080ae          --   Gb  - Linker created -
SClK_Initial            0x009f9e    0x6  Code  Gb  bsp.o [1]
SPI1_IRQHandler         0x00a012    0x1  Code  Gb  stm8l15x_it.o [1]
SPI_Cmd                 0x009f5e    0xd  Code  Gb  stm8l15x_spi.o [1]
SPI_DeInit              0x009d53   0x23  Code  Gb  stm8l15x_spi.o [1]
SPI_ExchangeByte        0x008d3a   0x28  Code  Gb  bsp.o [1]
SPI_GetFlagStatus       0x009ee7   0x15  Code  Gb  stm8l15x_spi.o [1]
SPI_Init                0x009a1f   0x4a  Code  Gb  stm8l15x_spi.o [1]
SPI_Initial             0x008d86   0x5d  Code  Gb  bsp.o [1]
SPI_ReceiveData         0x009fc4    0x5  Code  Gb  stm8l15x_spi.o [1]
SPI_SendData            0x009fbf    0x5  Code  Gb  stm8l15x_spi.o [1]
STM8_PerPwd             0x0094e6   0x9a  Code  Gb  main.o [1]
SWITCH_CSS_BREAK_DAC_IRQHandler
                        0x009f82    0xa  Code  Gb  stm8l15x_it.o [1]
SYSDivFactor            0x008196    0x5  Data  Gb  stm8l15x_clk.o [1]
SendBuffer              0x000018    0x6  Data  Gb  main.o [1]
System_GetData          0x008729  0x22e  Code  Gb  main.o [1]
System_Initial          0x009d98   0x21  Code  Gb  main.o [1]
TIM1_CAP_IRQHandler     0x00a010    0x1  Code  Gb  stm8l15x_it.o [1]
TIM1_UPD_OVF_TRG_COM_IRQHandler
                        0x00a00f    0x1  Code  Gb  stm8l15x_it.o [1]
TIM2_CAP_IRQHandler     0x00a00d    0x1  Code  Gb  stm8l15x_it.o [1]
TIM2_UPD_OVF_TRG_BRK_IRQHandler
                        0x00a00c    0x1  Code  Gb  stm8l15x_it.o [1]
TIM3_1MS_ISR            0x009e8e   0x17  Code  Gb  main.o [1]
TIM3_ARRPreloadConfig   0x009ab4    0xd  Code  Gb  stm8l15x_tim3.o [1]
TIM3_CAP_IRQHandler     0x00a00e    0x1  Code  Gb  stm8l15x_it.o [1]
TIM3_ClearITPendingBit  0x009fc9    0x5  Code  Gb  stm8l15x_tim3.o [1]
TIM3_Cmd                0x009ad4    0xd  Code  Gb  stm8l15x_tim3.o [1]
TIM3_DeInit             0x009824   0x65  Code  Gb  stm8l15x_tim3.o [1]
TIM3_ITConfig           0x009ac1   0x13  Code  Gb  stm8l15x_tim3.o [1]
TIM3_Initial            0x008d62   0x24  Code  Gb  bsp.o [1]
TIM3_Set                0x008d15   0x25  Code  Gb  bsp.o [1]
TIM3_SetCounter         0x009aa5    0xf  Code  Gb  stm8l15x_tim3.o [1]
TIM3_TimeBaseInit       0x009bcf   0x2a  Code  Gb  stm8l15x_tim3.o [1]
TIM3_UPD_OVF_TRG_BRK_IRQHandler
                        0x009db9   0x21  Code  Gb  stm8l15x_it.o [1]
TIM4_UPD_OVF_TRG_IRQHandler
                        0x00a011    0x1  Code  Gb  stm8l15x_it.o [1]
TRAP_IRQHandler         0x009ffc    0x1  Code  Gb  stm8l15x_it.o [1]
U1_Set                  0x008cf4   0x14  Code  Gb  bsp.o [1]
USART1_Initial          0x008e48   0x35  Code  Gb  bsp.o [1]
USART1_RX_IRQHandler    0x0098e7   0x52  Code  Gb  stm8l15x_it.o [1]
USART1_TX_IRQHandler    0x00a013    0x1  Code  Gb  stm8l15x_it.o [1]
USART_ClearITPendingBit
                        0x009e1b   0x20  Code  Gb  stm8l15x_usart.o [1]
USART_Cmd               0x009dda   0x21  Code  Gb  stm8l15x_usart.o [1]
USART_GetFlagStatus     0x009d76   0x22  Code  Gb  stm8l15x_usart.o [1]
USART_GetITStatus       0x00943b   0xab  Code  Gb  stm8l15x_usart.o [1]
USART_ITConfig          0x009580   0x96  Code  Gb  stm8l15x_usart.o [1]
USART_Init              0x0091d2   0xe4  Code  Gb  stm8l15x_usart.o [1]
USART_ReceiveData8      0x009ff0    0x3  Code  Gb  stm8l15x_usart.o [1]
USART_SendData8         0x009ff3    0x3  Code  Gb  stm8l15x_usart.o [1]
_PrintfTiny             0x008b63  0x191  Code  Gb  xprintftiny.o [4]
_Prout                  0x009e59   0x1d  Code  Gb  xprout.o [4]
__DebugBreak            0x00a015    0x1  Code  Gb  __dbg_break.o [3]
__exit                  0x009ebc   0x16  Code  Gb  __dbg_xxexit.o [3]
__iar_copy_init2        0x009c72         Code  Gb  init_small.o [4]
__iar_data_init2        0x009e3b   0x1e  Code  Gb  init.o [4]
__iar_program_start     0x009ea5         Code  Gb  cstartup.o [4]
__iar_unhandled_exception
                        0x009ff9         Code  Gb  unhandled_exception.o [4]
__intvec                0x008000         Data  Gb  interrupt.o [4]
__low_level_init        0x009ff6    0x3  Code  Gb  low_level_init.o [4]
_exit                   0x009faa         Code  Gb  cexit.o [4]
_interrupt_1            0x009ffc         Code  Gb  stm8l15x_it.o [1]
_interrupt_10           0x00a002         Code  Gb  stm8l15x_it.o [1]
_interrupt_11           0x00a003         Code  Gb  stm8l15x_it.o [1]
_interrupt_12           0x00a004         Code  Gb  stm8l15x_it.o [1]
_interrupt_13           0x00a005         Code  Gb  stm8l15x_it.o [1]
_interrupt_14           0x00a006         Code  Gb  stm8l15x_it.o [1]
_interrupt_15           0x00a007         Code  Gb  stm8l15x_it.o [1]
_interrupt_16           0x00a008         Code  Gb  stm8l15x_it.o [1]
_interrupt_17           0x00a009         Code  Gb  stm8l15x_it.o [1]
_interrupt_18           0x00a00a         Code  Gb  stm8l15x_it.o [1]
_interrupt_19           0x009f82         Code  Gb  stm8l15x_it.o [1]
_interrupt_20           0x00a00b         Code  Gb  stm8l15x_it.o [1]
_interrupt_21           0x00a00c         Code  Gb  stm8l15x_it.o [1]
_interrupt_22           0x00a00d         Code  Gb  stm8l15x_it.o [1]
_interrupt_23           0x009db9         Code  Gb  stm8l15x_it.o [1]
_interrupt_24           0x00a00e         Code  Gb  stm8l15x_it.o [1]
_interrupt_25           0x00a00f         Code  Gb  stm8l15x_it.o [1]
_interrupt_26           0x00a010         Code  Gb  stm8l15x_it.o [1]
_interrupt_27           0x00a011         Code  Gb  stm8l15x_it.o [1]
_interrupt_28           0x00a012         Code  Gb  stm8l15x_it.o [1]
_interrupt_29           0x00a013         Code  Gb  stm8l15x_it.o [1]
_interrupt_3            0x009ffd         Code  Gb  stm8l15x_it.o [1]
_interrupt_30           0x0098e7         Code  Gb  stm8l15x_it.o [1]
_interrupt_31           0x00a014         Code  Gb  stm8l15x_it.o [1]
_interrupt_4            0x009ffe         Code  Gb  stm8l15x_it.o [1]
_interrupt_5            0x009fff         Code  Gb  stm8l15x_it.o [1]
_interrupt_6            0x009d30         Code  Gb  stm8l15x_it.o [1]
_interrupt_7            0x009b18         Code  Gb  stm8l15x_it.o [1]
_interrupt_8            0x00a000         Code  Gb  stm8l15x_it.o [1]
_interrupt_9            0x00a001         Code  Gb  stm8l15x_it.o [1]
exit                    0x009fe6    0x4  Code  Gb  exit.o [4]
main                    0x009bf9   0x29  Code  Gb  main.o [1]
out                     0x009ae9   0x2f  Code  Lc  xprintftiny.o [4]
printf                  0x009c4a   0x28  Code  Gb  printf.o [4]
putchar                 0x009d0c   0x24  Code  Gb  main.o [1]
rfSettings              0x008080   0x23  Data  Gb  CC1101.o [1]
strlen                  0x009f22   0x12  Code  Gb  strlen.o [4]
swap                    0x009f10   0x12  Code  Gb  main.o [1]


[1] = E:\Github Project\STM8L151K4T6_Oil_Can_Drone\Debug\Obj
[2] = command line
[3] = dbgstm8mmd.a
[4] = dlstm8mmf.a

  7 770 bytes of readonly  code memory
    444 bytes of readonly  data memory
    294 bytes of readwrite data memory

Errors: none
Warnings: none
